<html>
<body>
<pre>
<h1>µVision Build Log</h1>
<h2>Tool Versions:</h2>
IDE-Version: ¦ÌVision V5.25.3.0
Copyright (C) 2018 ARM Ltd and ARM Germany GmbH. All rights reserved.
License Information: ZYX AutoBVT, Microsoft, LIC=Q7GKP-MM670-9XQUW-Q0NVI-WDZAV-BTK1W
 
Tool Versions:
Toolchain:       MDK-ARM Professional  Version: 5.14.0.0
Toolchain Path:  D:\MDK5\ARM\ARMCC\Bin
C Compiler:      Armcc.exe V5.05 update 1 (build 106)
Assembler:       Armasm.exe V5.05 update 1 (build 106)
Linker/Locator:  ArmLink.exe V5.05 update 1 (build 106)
Library Manager: ArmAr.exe V5.05 update 1 (build 106)
Hex Converter:   FromElf.exe V5.05 update 1 (build 106)
CPU DLL:         SARMCM3.DLL V5.14.0.0
Dialog DLL:      DCM.DLL V1.13.1.0
Target DLL:      Segger\JL2CM3.dll V2.99.13.0
Dialog DLL:      TCM.DLL V1.14.4.0
 
<h2>Project:</h2>
C:\Users\Administrator\Desktop\LPC54606\Projecct\MDK\LPC54606.uvprojx
Project File Date:  06/26/2019

<h2>Output:</h2>
*** Using Compiler 'V5.05 update 1 (build 106)', folder: 'D:\MDK5\ARM\ARMCC\Bin'
Build target 'LPC54606'
compiling SEEKFREE_MT9V032.c...
compiling Handle.c...
linking...
Program Size: Code=45332 RO-data=7828 RW-data=824 ZI-data=33568  
FromELF: creating hex file...
".\Objects\LPC54606.axf" - 0 Error(s), 0 Warning(s).

<h2>Software Packages used:</h2>

Package Vendor: NXP
                http://mcuxpresso.nxp.com/cmsis_pack/repo/NXP.LPC54606_DFP.11.0.0.pack
                NXP.LPC54606_DFP.11.0.0
                Device Family Pack for LPC54606

<h2>Collection of Component include folders:</h2>
  .\RTE\_LPC54606
  D:\MDK5\ARM\PACK\NXP\LPC54606_DFP\11.0.0

<h2>Collection of Component Files used:</h2>
Build Time Elapsed:  00:00:03
</pre>
</body>
</html>
