Component: ARM Compiler 5.05 update 1 (build 106) Tool: armlink [4d0efa]

==============================================================================

Section Cross References

    startup_lpc54606.o(STACK) refers (Special) to heapauxi.o(.text) for __use_two_region_memory
    startup_lpc54606.o(HEAP) refers (Special) to heapauxi.o(.text) for __use_two_region_memory
    startup_lpc54606.o(RESET) refers (Special) to heapauxi.o(.text) for __use_two_region_memory
    startup_lpc54606.o(RESET) refers to startup_lpc54606.o(STACK) for __initial_sp
    startup_lpc54606.o(RESET) refers to startup_lpc54606.o(.text) for Reset_Handler
    startup_lpc54606.o(RESET) refers to system_lpc54606.o(i.NMI_Handler) for NMI_Handler
    startup_lpc54606.o(RESET) refers to system_lpc54606.o(i.HardFault_Handler) for HardFault_Handler
    startup_lpc54606.o(.text) refers (Special) to heapauxi.o(.text) for __use_two_region_memory
    startup_lpc54606.o(.text) refers to system_lpc54606.o(i.SystemInit) for SystemInit
    startup_lpc54606.o(.text) refers to __main.o(!!!main) for __main
    startup_lpc54606.o(.text) refers to isr.o(i.DMA0_DriverIRQHandler) for DMA0_DriverIRQHandler
    startup_lpc54606.o(.text) refers to isr.o(i.GINT0_DriverIRQHandler) for GINT0_DriverIRQHandler
    startup_lpc54606.o(.text) refers to isr.o(i.MRT0_DriverIRQHandler) for MRT0_DriverIRQHandler
    startup_lpc54606.o(.text) refers to isr.o(i.FLEXCOMM0_DriverIRQHandler) for FLEXCOMM0_DriverIRQHandler
    startup_lpc54606.o(.text) refers to isr.o(i.FLEXCOMM5_DriverIRQHandler) for FLEXCOMM5_DriverIRQHandler
    startup_lpc54606.o(.text) refers to isr.o(i.PIN_INT7_DriverIRQHandler) for PIN_INT7_DriverIRQHandler
    startup_lpc54606.o(.text) refers to isr.o(i.RIT_DriverIRQHandler) for RIT_DriverIRQHandler
    startup_lpc54606.o(.text) refers to startup_lpc54606.o(HEAP) for Heap_Mem
    startup_lpc54606.o(.text) refers to startup_lpc54606.o(STACK) for Stack_Mem
    system_lpc54606.o(i.SystemInit) refers to lpc546xx_pll.o(i.pll_init) for pll_init
    system_lpc54606.o(i.SystemInit) refers to startup_lpc54606.o(RESET) for __Vectors
    assert.o(i.assert_failed) refers to seekfree_printf.o(i.printf) for printf
    assert.o(i.assert_failed) refers to assert.o(.constdata) for debugging_information
    seekfree_printf.o(i.sprintf) refers to seekfree_printf.o(i.number_conversion_ascii) for number_conversion_ascii
    seekfree_printf.o(i.sprintf) refers to seekfree_printf.o(i.printf_reverse_order) for printf_reverse_order
    seekfree_printf.o(i.sprintf) refers to rt_memcpy_v6.o(.text) for __aeabi_memcpy
    seekfree_printf.o(i.sprintf) refers to dfix.o(x$fpl$dfix) for __aeabi_d2iz
    seekfree_printf.o(i.sprintf) refers to dleqf.o(x$fpl$dleqf) for __aeabi_cdcmple
    seekfree_printf.o(i.sprintf) refers to dflt_clz.o(x$fpl$dflt) for __aeabi_i2d
    seekfree_printf.o(i.sprintf) refers to daddsub_clz.o(x$fpl$drsb) for __aeabi_drsub
    seekfree_printf.o(i.sprintf) refers to dmul.o(x$fpl$dmul) for __aeabi_dmul
    seekfree_printf.o(i.sprintf) refers to deqf.o(x$fpl$deqf) for __aeabi_cdcmpeq
    lpc546xx_adc.o(i.adc_init) refers to lpc546xx_systick.o(i.systick_delay) for systick_delay
    lpc546xx_adc.o(i.adc_init) refers to lpc546xx_adc.o(i.adc_mux) for adc_mux
    lpc546xx_adc.o(i.adc_init) refers to lpc546xx_pll.o(.data) for main_clk_mhz
    lpc546xx_adc.o(i.adc_mux) refers to lpc546xx_iocon.o(i.iocon_init) for iocon_init
    lpc546xx_ctimer.o(i.ctimer_count_clean) refers to lpc546xx_ctimer.o(.data) for TIMERN
    lpc546xx_ctimer.o(i.ctimer_count_init) refers to lpc546xx_ctimer.o(i.ctimer_clock) for ctimer_clock
    lpc546xx_ctimer.o(i.ctimer_count_init) refers to lpc546xx_ctimer.o(i.ctimer_countmux) for ctimer_countmux
    lpc546xx_ctimer.o(i.ctimer_count_init) refers to lpc546xx_ctimer.o(.data) for TIMERN
    lpc546xx_ctimer.o(i.ctimer_count_read) refers to lpc546xx_ctimer.o(.data) for TIMERN
    lpc546xx_ctimer.o(i.ctimer_countmux) refers to lpc546xx_iocon.o(i.iocon_init) for iocon_init
    lpc546xx_ctimer.o(i.ctimer_pwm_duty) refers to llsdiv.o(.text) for __aeabi_ldivmod
    lpc546xx_ctimer.o(i.ctimer_pwm_duty) refers to lpc546xx_ctimer.o(.constdata) for duty_max
    lpc546xx_ctimer.o(i.ctimer_pwm_duty) refers to lpc546xx_ctimer.o(.data) for TIMERN
    lpc546xx_ctimer.o(i.ctimer_pwm_freq) refers to lpc546xx_pll.o(.data) for main_clk_mhz
    lpc546xx_ctimer.o(i.ctimer_pwm_freq) refers to lpc546xx_ctimer.o(.data) for TIMERN
    lpc546xx_ctimer.o(i.ctimer_pwm_freq) refers to lpc546xx_ctimer.o(.constdata) for period_ch
    lpc546xx_ctimer.o(i.ctimer_pwm_init) refers to lpc546xx_ctimer.o(i.ctimer_clock) for ctimer_clock
    lpc546xx_ctimer.o(i.ctimer_pwm_init) refers to lpc546xx_ctimer.o(i.ctimer_pwmmux) for ctimer_pwmmux
    lpc546xx_ctimer.o(i.ctimer_pwm_init) refers to llsdiv.o(.text) for __aeabi_ldivmod
    lpc546xx_ctimer.o(i.ctimer_pwm_init) refers to lpc546xx_pll.o(.data) for main_clk_mhz
[...]
    FLEXCOMM9_IRQHandler                     0x000002eb   Thumb Code     4  startup_lpc54606.o(.text)
    SDIO_IRQHandler                          0x000002ef   Thumb Code     4  startup_lpc54606.o(.text)
    CAN0_IRQ0_IRQHandler                     0x000002f3   Thumb Code     4  startup_lpc54606.o(.text)
    CAN0_IRQ1_IRQHandler                     0x000002f7   Thumb Code     4  startup_lpc54606.o(.text)
    CAN1_IRQ0_IRQHandler                     0x000002fb   Thumb Code     4  startup_lpc54606.o(.text)
    CAN1_IRQ1_IRQHandler                     0x000002ff   Thumb Code     4  startup_lpc54606.o(.text)
    USB1_IRQHandler                          0x00000303   Thumb Code     4  startup_lpc54606.o(.text)
    USB1_NEEDCLK_IRQHandler                  0x00000307   Thumb Code     4  startup_lpc54606.o(.text)
    ETHERNET_IRQHandler                      0x0000030b   Thumb Code     4  startup_lpc54606.o(.text)
    ETHERNET_PMT_IRQHandler                  0x0000030f   Thumb Code     4  startup_lpc54606.o(.text)
    ETHERNET_MACLP_IRQHandler                0x00000313   Thumb Code     4  startup_lpc54606.o(.text)
    EEPROM_IRQHandler                        0x00000317   Thumb Code     4  startup_lpc54606.o(.text)
    LCD_IRQHandler                           0x0000031b   Thumb Code     4  startup_lpc54606.o(.text)
    SHA_IRQHandler                           0x0000031f   Thumb Code     4  startup_lpc54606.o(.text)
    SMARTCARD0_IRQHandler                    0x00000323   Thumb Code     4  startup_lpc54606.o(.text)
    SMARTCARD1_IRQHandler                    0x00000327   Thumb Code     4  startup_lpc54606.o(.text)
    ADC0_SEQA_DriverIRQHandler               0x0000032b   Thumb Code     0  startup_lpc54606.o(.text)
    ADC0_SEQB_DriverIRQHandler               0x0000032b   Thumb Code     0  startup_lpc54606.o(.text)
    ADC0_THCMP_DriverIRQHandler              0x0000032b   Thumb Code     0  startup_lpc54606.o(.text)
    CAN0_IRQ0_DriverIRQHandler               0x0000032b   Thumb Code     0  startup_lpc54606.o(.text)
    CAN0_IRQ1_DriverIRQHandler               0x0000032b   Thumb Code     0  startup_lpc54606.o(.text)
    CAN1_IRQ0_DriverIRQHandler               0x0000032b   Thumb Code     0  startup_lpc54606.o(.text)
    CAN1_IRQ1_DriverIRQHandler               0x0000032b   Thumb Code     0  startup_lpc54606.o(.text)
    CTIMER0_DriverIRQHandler                 0x0000032b   Thumb Code     0  startup_lpc54606.o(.text)
    CTIMER1_DriverIRQHandler                 0x0000032b   Thumb Code     0  startup_lpc54606.o(.text)
    CTIMER2_DriverIRQHandler                 0x0000032b   Thumb Code     0  startup_lpc54606.o(.text)
    CTIMER3_DriverIRQHandler                 0x0000032b   Thumb Code     0  startup_lpc54606.o(.text)
    CTIMER4_DriverIRQHandler                 0x0000032b   Thumb Code     0  startup_lpc54606.o(.text)
    DMIC0_DriverIRQHandler                   0x0000032b   Thumb Code     0  startup_lpc54606.o(.text)
    EEPROM_DriverIRQHandler                  0x0000032b   Thumb Code     0  startup_lpc54606.o(.text)
    ETHERNET_DriverIRQHandler                0x0000032b   Thumb Code     0  startup_lpc54606.o(.text)
    ETHERNET_MACLP_DriverIRQHandler          0x0000032b   Thumb Code     0  startup_lpc54606.o(.text)
    ETHERNET_PMT_DriverIRQHandler            0x0000032b   Thumb Code     0  startup_lpc54606.o(.text)
    FLEXCOMM1_DriverIRQHandler               0x0000032b   Thumb Code     0  startup_lpc54606.o(.text)
    FLEXCOMM2_DriverIRQHandler               0x0000032b   Thumb Code     0  startup_lpc54606.o(.text)
    FLEXCOMM3_DriverIRQHandler               0x0000032b   Thumb Code     0  startup_lpc54606.o(.text)
    FLEXCOMM4_DriverIRQHandler               0x0000032b   Thumb Code     0  startup_lpc54606.o(.text)
    FLEXCOMM6_DriverIRQHandler               0x0000032b   Thumb Code     0  startup_lpc54606.o(.text)
    FLEXCOMM7_DriverIRQHandler               0x0000032b   Thumb Code     0  startup_lpc54606.o(.text)
    FLEXCOMM8_DriverIRQHandler               0x0000032b   Thumb Code     0  startup_lpc54606.o(.text)
    FLEXCOMM9_DriverIRQHandler               0x0000032b   Thumb Code     0  startup_lpc54606.o(.text)
    GINT1_DriverIRQHandler                   0x0000032b   Thumb Code     0  startup_lpc54606.o(.text)
    HWVAD0_DriverIRQHandler                  0x0000032b   Thumb Code     0  startup_lpc54606.o(.text)
    LCD_DriverIRQHandler                     0x0000032b   Thumb Code     0  startup_lpc54606.o(.text)
    PIN_INT0_DriverIRQHandler                0x0000032b   Thumb Code     0  startup_lpc54606.o(.text)
    PIN_INT1_DriverIRQHandler                0x0000032b   Thumb Code     0  startup_lpc54606.o(.text)
    PIN_INT2_DriverIRQHandler                0x0000032b   Thumb Code     0  startup_lpc54606.o(.text)
    PIN_INT3_DriverIRQHandler                0x0000032b   Thumb Code     0  startup_lpc54606.o(.text)
    PIN_INT4_DriverIRQHandler                0x0000032b   Thumb Code     0  startup_lpc54606.o(.text)
    PIN_INT5_DriverIRQHandler                0x0000032b   Thumb Code     0  startup_lpc54606.o(.text)
    PIN_INT6_DriverIRQHandler                0x0000032b   Thumb Code     0  startup_lpc54606.o(.text)
    RTC_DriverIRQHandler                     0x0000032b   Thumb Code     0  startup_lpc54606.o(.text)
    Reserved46_DriverIRQHandler              0x0000032b   Thumb Code     0  startup_lpc54606.o(.text)
    Reserved47_DriverIRQHandler              0x0000032b   Thumb Code     0  startup_lpc54606.o(.text)
    SCT0_DriverIRQHandler                    0x0000032b   Thumb Code     0  startup_lpc54606.o(.text)
    SDIO_DriverIRQHandler                    0x0000032b   Thumb Code     0  startup_lpc54606.o(.text)
    SHA_DriverIRQHandler                     0x0000032b   Thumb Code     0  startup_lpc54606.o(.text)
    SMARTCARD0_DriverIRQHandler              0x0000032b   Thumb Code     0  startup_lpc54606.o(.text)
    SMARTCARD1_DriverIRQHandler              0x0000032b   Thumb Code     0  startup_lpc54606.o(.text)
    SPIFI0_DriverIRQHandler                  0x0000032b   Thumb Code     0  startup_lpc54606.o(.text)
    USB0_DriverIRQHandler                    0x0000032b   Thumb Code     0  startup_lpc54606.o(.text)
    USB0_NEEDCLK_DriverIRQHandler            0x0000032b   Thumb Code     0  startup_lpc54606.o(.text)
    USB1_DriverIRQHandler                    0x0000032b   Thumb Code     0  startup_lpc54606.o(.text)
    USB1_NEEDCLK_DriverIRQHandler            0x0000032b   Thumb Code     0  startup_lpc54606.o(.text)
    UTICK0_DriverIRQHandler                  0x0000032b   Thumb Code     0  startup_lpc54606.o(.text)
    WDT_BOD_DriverIRQHandler                 0x0000032b   Thumb Code     0  startup_lpc54606.o(.text)
    __user_initial_stackheap                 0x0000032d   Thumb Code     0  startup_lpc54606.o(.text)
    __aeabi_ldivmod                          0x00000439   Thumb Code     0  llsdiv.o(.text)
    _ll_sdiv                                 0x00000439   Thumb Code    72  llsdiv.o(.text)
    __2sprintf                               0x00000481   Thumb Code    38  __2sprintf.o(.text)
    __printf                                 0x000004ad   Thumb Code   104  __printf.o(.text)
    _printf_int_dec                          0x00000515   Thumb Code   104  _printf_dec.o(.text)
    __use_two_region_memory                  0x0000058d   Thumb Code     2  heapauxi.o(.text)
    __rt_heap_escrow$2region                 0x0000058f   Thumb Code     2  heapauxi.o(.text)
    __rt_heap_expand$2region                 0x00000591   Thumb Code     2  heapauxi.o(.text)
    __aeabi_uldivmod                         0x00000593   Thumb Code     0  lludivv7m.o(.text)
    _ll_udiv                                 0x00000593   Thumb Code   238  lludivv7m.o(.text)
    __read_errno                             0x00000681   Thumb Code    10  _rserrno.o(.text)
    __set_errno                              0x0000068b   Thumb Code    12  _rserrno.o(.text)
    _printf_int_common                       0x00000697   Thumb Code   178  _printf_intcommon.o(.text)
    __lib_sel_fp_printf                      0x00000749   Thumb Code     2  _printf_fp_dec.o(.text)
    _printf_fp_dec_real                      0x000008f7   Thumb Code   620  _printf_fp_dec.o(.text)
    _printf_char_common                      0x00000b6f   Thumb Code    32  _printf_char_common.o(.text)
    _sputc                                   0x00000b95   Thumb Code    10  _sputc.o(.text)
    __rt_locale                              0x00000ba1   Thumb Code     8  rt_locale_intlibspace.o(.text)
    __aeabi_errno_addr                       0x00000ba9   Thumb Code     8  rt_errno_addr_intlibspace.o(.text)
    __errno$intlibspace                      0x00000ba9   Thumb Code     0  rt_errno_addr_intlibspace.o(.text)
    __rt_errno_addr$intlibspace              0x00000ba9   Thumb Code     0  rt_errno_addr_intlibspace.o(.text)
    _ll_udiv10                               0x00000bb1   Thumb Code   138  lludiv10.o(.text)
    _printf_fp_infnan                        0x00000c3d   Thumb Code   112  _printf_fp_infnan.o(.text)
    _btod_etento                             0x00000cbd   Thumb Code   216  bigflt0.o(.text)
    __user_libspace                          0x00000d99   Thumb Code     8  libspace.o(.text)
    __user_perproc_libspace                  0x00000d99   Thumb Code     0  libspace.o(.text)
    __user_perthread_libspace                0x00000d99   Thumb Code     0  libspace.o(.text)
    __user_setup_stackheap                   0x00000da1   Thumb Code    74  sys_stackheap_outer.o(.text)
    exit                                     0x00000deb   Thumb Code    12  exit.o(.text)
    strcmp                                   0x00000df9   Thumb Code   128  strcmpv7m.o(.text)
    _sys_exit                                0x00000e79   Thumb Code     8  sys_exit.o(.text)
    __I$use$semihosting                      0x00000e85   Thumb Code     0  use_no_semi.o(.text)
    __use_no_semihosting_swi                 0x00000e85   Thumb Code     2  use_no_semi.o(.text)
    __semihosting_library_function           0x00000e87   Thumb Code     0  indicate_semi.o(.text)
    _btod_d2e                                0x00000e87   Thumb Code    62  btod.o(CL$$btod_d2e)
    _d2e_denorm_low                          0x00000ec5   Thumb Code    70  btod.o(CL$$btod_d2e_denorm_low)
    _d2e_norm_op1                            0x00000f0b   Thumb Code    96  btod.o(CL$$btod_d2e_norm_op1)
    __btod_div_common                        0x00000f6b   Thumb Code   696  btod.o(CL$$btod_div_common)
    _e2e                                     0x000012a3   Thumb Code   198  btod.o(CL$$btod_e2e)
    _btod_ediv                               0x00001369   Thumb Code    40  btod.o(CL$$btod_ediv)
    _btod_emul                               0x00001391   Thumb Code    40  btod.o(CL$$btod_emul)
    __btod_mult_common                       0x000013b9   Thumb Code   580  btod.o(CL$$btod_mult_common)
    Annulus_Handle                           0x000015fd   Thumb Code   954  handle.o(i.Annulus_Handle)
    Broken_Handle                            0x00001a21   Thumb Code   672  handle.o(i.Broken_Handle)
    Calculate_Add                            0x00001d0d   Thumb Code    62  handle.o(i.Calculate_Add)
    Corrode_Filter                           0x00001d4d   Thumb Code  1242  handle.o(i.Corrode_Filter)
    Curve_Fitting                            0x00002229   Thumb Code   308  handle.o(i.Curve_Fitting)
    DMA0_DriverIRQHandler                    0x00002371   Thumb Code    18  isr.o(i.DMA0_DriverIRQHandler)
    Data_Filter                              0x00002389   Thumb Code   624  siyuansu.o(i.Data_Filter)
    Decide_Element                           0x00002629   Thumb Code   160  handle.o(i.Decide_Element)
    Duoji_Handle                             0x00002701   Thumb Code   192  handle.o(i.Duoji_Handle)
    FLEXCOMM0_DriverIRQHandler               0x000027e5   Thumb Code    64  isr.o(i.FLEXCOMM0_DriverIRQHandler)
    FLEXCOMM5_DriverIRQHandler               0x0000282d   Thumb Code    58  isr.o(i.FLEXCOMM5_DriverIRQHandler)
    First_Line_Handle                        0x0000286d   Thumb Code   406  handle.o(i.First_Line_Handle)
    Fresight_Calculate                       0x00002a4d   Thumb Code    88  handle.o(i.Fresight_Calculate)
    GINT0_DriverIRQHandler                   0x00002aad   Thumb Code    24  isr.o(i.GINT0_DriverIRQHandler)
    GetHistGram                              0x00002ac9   Thumb Code    50  dajin.o(i.GetHistGram)
    Get_Attitude                             0x00002b01   Thumb Code   196  siyuansu.o(i.Get_Attitude)
    HardFault_Handler                        0x00002bf9   Thumb Code     4  system_lpc54606.o(i.HardFault_Handler)
    IMUupdate                                0x00002bfd   Thumb Code  1388  siyuansu.o(i.IMUupdate)
    Image_Handle                             0x0000317d   Thumb Code  1254  handle.o(i.Image_Handle)
    IncPID_Init                              0x00003699   Thumb Code    12  pid.o(i.IncPID_Init)
    Key_Handle                               0x000036a5   Thumb Code   120  handle.o(i.Key_Handle)
    Line_Repair                              0x0000373d   Thumb Code  2512  handle.o(i.Line_Repair)
    MOTOR_Control                            0x00004121   Thumb Code   182  control.o(i.MOTOR_Control)
    MRT0_DriverIRQHandler                    0x000041e5   Thumb Code   106  isr.o(i.MRT0_DriverIRQHandler)
    M_divider                                0x00004259   Thumb Code    96  lpc546xx_pll.o(i.M_divider)
    Mid_Line_Repair                          0x000042c5   Thumb Code   580  handle.o(i.Mid_Line_Repair)
    NMI_Handler                              0x00004551   Thumb Code     2  system_lpc54606.o(i.NMI_Handler)
    N_divider                                0x000045c1   Thumb Code   106  lpc546xx_pll.o(i.N_divider)
    OSTUThreshold                            0x00004631   Thumb Code   422  dajin.o(i.OSTUThreshold)
    Obstacle_Handle                          0x000047e5   Thumb Code   276  handle.o(i.Obstacle_Handle)
    PID_Cascade                              0x00004915   Thumb Code   104  pid.o(i.PID_Cascade)
    PIN_INT7_DriverIRQHandler                0x00004981   Thumb Code     8  isr.o(i.PIN_INT7_DriverIRQHandler)
    P_divider                                0x00004989   Thumb Code    94  lpc546xx_pll.o(i.P_divider)
    PlacePID_Control                         0x000049ed   Thumb Code   134  pid.o(i.PlacePID_Control)
    PlacePID_Control_Broken                  0x00004a81   Thumb Code   128  pid.o(i.PlacePID_Control_Broken)
    PlacePID_Control_Obstacle                0x00004b0d   Thumb Code    98  pid.o(i.PlacePID_Control_Obstacle)
    PlacePID_Init                            0x00004b75   Thumb Code    10  pid.o(i.PlacePID_Init)
    PoDao_Handle                             0x00004b81   Thumb Code    50  handle.o(i.PoDao_Handle)
    Point_Average                            0x00004bc1   Thumb Code   228  handle.o(i.Point_Average)
    RIT_DriverIRQHandler                     0x00004ccd   Thumb Code   312  isr.o(i.RIT_DriverIRQHandler)
    Show_Handle                              0x00004e3d   Thumb Code   348  handle.o(i.Show_Handle)
    Speed_Control                            0x00004fd9   Thumb Code    98  control.o(i.Speed_Control)
    Speed_Measure                            0x00005045   Thumb Code   548  control.o(i.Speed_Measure)
    Start_Control                            0x000052ad   Thumb Code   232  control.o(i.Start_Control)
    SystemInit                               0x000053cd   Thumb Code   220  system_lpc54606.o(i.SystemInit)
    System_Init                              0x000054c1   Thumb Code   240  system.o(i.System_Init)
    Toushi_L_Average                         0x000055bd   Thumb Code    44  handle.o(i.Toushi_L_Average)
    Toushi_R_Average                         0x000055ed   Thumb Code    44  handle.o(i.Toushi_R_Average)
    Traversal_Left                           0x0000561d   Thumb Code   118  handle.o(i.Traversal_Left)
    Traversal_Left_Line                      0x00005695   Thumb Code   104  handle.o(i.Traversal_Left_Line)
    Traversal_Mid_Line                       0x0000570d   Thumb Code   516  handle.o(i.Traversal_Mid_Line)
    Traversal_Right                          0x00005921   Thumb Code   118  handle.o(i.Traversal_Right)
    Traversal_Right_Line                     0x00005999   Thumb Code   104  handle.o(i.Traversal_Right_Line)
    __ARM_fpclassify                         0x00005a11   Thumb Code    48  fpclassify.o(i.__ARM_fpclassify)
    __hardfp_asin                            0x00005a41   Thumb Code   770  asin.o(i.__hardfp_asin)
    __hardfp_atan                            0x00005da1   Thumb Code   622  atan.o(i.__hardfp_atan)
    __hardfp_atan2                           0x00006079   Thumb Code   432  atan2.o(i.__hardfp_atan2)
    __hardfp_sqrt                            0x00006269   Thumb Code   122  sqrt.o(i.__hardfp_sqrt)
    __kernel_poly                            0x000062e3   Thumb Code   248  poly.o(i.__kernel_poly)
    __mathlib_dbl_infnan                     0x000063db   Thumb Code    20  dunder.o(i.__mathlib_dbl_infnan)
    __mathlib_dbl_infnan2                    0x000063ef   Thumb Code    20  dunder.o(i.__mathlib_dbl_infnan2)
    __mathlib_dbl_invalid                    0x00006409   Thumb Code    24  dunder.o(i.__mathlib_dbl_invalid)
    __mathlib_dbl_underflow                  0x00006429   Thumb Code    24  dunder.o(i.__mathlib_dbl_underflow)
    adc_convert                              0x00006449   Thumb Code   112  lpc546xx_adc.o(i.adc_convert)
    adc_init                                 0x000064bd   Thumb Code   180  lpc546xx_adc.o(i.adc_init)
    adc_mux                                  0x00006589   Thumb Code   126  lpc546xx_adc.o(i.adc_mux)
    atan                                     0x00006607   Thumb Code    16  atan.o(i.atan)
    binaryzation                             0x00006617   Thumb Code    40  handle.o(i.binaryzation)
    camera_init                              0x00006641   Thumb Code   216  seekfree_mt9v032.o(i.camera_init)
    ctimer_clock                             0x0000672d   Thumb Code   110  lpc546xx_ctimer.o(i.ctimer_clock)
    ctimer_count_clean                       0x000067a5   Thumb Code    24  lpc546xx_ctimer.o(i.ctimer_count_clean)
    ctimer_count_init                        0x000067c1   Thumb Code   162  lpc546xx_ctimer.o(i.ctimer_count_init)
    ctimer_count_read                        0x00006869   Thumb Code    22  lpc546xx_ctimer.o(i.ctimer_count_read)
    ctimer_countmux                          0x00006885   Thumb Code   398  lpc546xx_ctimer.o(i.ctimer_countmux)
    ctimer_pwm_duty                          0x00006a15   Thumb Code   150  lpc546xx_ctimer.o(i.ctimer_pwm_duty)
    ctimer_pwm_init                          0x00006ab9   Thumb Code   378  lpc546xx_ctimer.o(i.ctimer_pwm_init)
    ctimer_pwmmux                            0x00006c45   Thumb Code   494  lpc546xx_ctimer.o(i.ctimer_pwmmux)
    dam_init_linked                          0x00006e35   Thumb Code   268  lpc546xx_dma.o(i.dam_init_linked)
    dsp_single_colour                        0x00006fbd   Thumb Code    48  seekfree_18tft.o(i.dsp_single_colour)
    fabs                                     0x00006fed   Thumb Code    24  fabs.o(i.fabs)
    flexcomm_clk_enable                      0x00007061   Thumb Code   186  lpc546xx_flexcomm.o(i.flexcomm_clk_enable)
    flexcomm_get_clk                         0x00007131   Thumb Code     6  lpc546xx_flexcomm.o(i.flexcomm_get_clk)
    flexcomm_irq                             0x0000713d   Thumb Code    56  lpc546xx_flexcomm.o(i.flexcomm_irq)
    get_accdata_hardware                     0x00007175   Thumb Code    74  seekfree_mpu6050.o(i.get_accdata_hardware)
    get_clk                                  0x000071cd   Thumb Code    84  lpc546xx_pll.o(i.get_clk)
    get_config                               0x00007229   Thumb Code    96  seekfree_mt9v032.o(i.get_config)
    get_gyro_hardware                        0x00007295   Thumb Code    74  seekfree_mpu6050.o(i.get_gyro_hardware)
    gpio_get                                 0x000072ed   Thumb Code    18  lpc546xx_gpio.o(i.gpio_get)
    gpio_init                                0x00007305   Thumb Code   182  lpc546xx_gpio.o(i.gpio_init)
    gpio_set                                 0x000073cd   Thumb Code    42  lpc546xx_gpio.o(i.gpio_set)
    iic_init                                 0x000073fd   Thumb Code   110  lpc546xx_iic.o(i.iic_init)
    iic_mux                                  0x00007471   Thumb Code   914  lpc546xx_iic.o(i.iic_mux)
    iic_read_reg                             0x00007805   Thumb Code  1158  lpc546xx_iic.o(i.iic_read_reg)
    iic_read_reg_bytes                       0x00007c91   Thumb Code  1368  lpc546xx_iic.o(i.iic_read_reg_bytes)
    iic_write_reg                            0x000081ed   Thumb Code   948  lpc546xx_iic.o(i.iic_write_reg)
    iocon_init                               0x000085a5   Thumb Code    34  lpc546xx_iocon.o(i.iocon_init)
    lcd_displayimage032_2                    0x000085d1   Thumb Code   120  seekfree_18tft.o(i.lcd_displayimage032_2)
    lcd_drawpoint                            0x00008649   Thumb Code    28  seekfree_18tft.o(i.lcd_drawpoint)
    lcd_init                                 0x00008665   Thumb Code   680  seekfree_18tft.o(i.lcd_init)
    lcd_setregion                            0x00008911   Thumb Code    90  seekfree_18tft.o(i.lcd_setregion)
    lcd_showchar                             0x0000896d   Thumb Code   100  seekfree_18tft.o(i.lcd_showchar)
    lcd_showfloat                            0x000089d5   Thumb Code   202  seekfree_18tft.o(i.lcd_showfloat)
    lcd_showint32                            0x00008aad   Thumb Code   104  seekfree_18tft.o(i.lcd_showint32)
    lcd_showstr                              0x00008b19   Thumb Code    50  seekfree_18tft.o(i.lcd_showstr)
    lcd_showuint16                           0x00008b4b   Thumb Code   148  seekfree_18tft.o(i.lcd_showuint16)
    lcd_showuint8                            0x00008bdf   Thumb Code   100  seekfree_18tft.o(i.lcd_showuint8)
    lcd_writeData                            0x00008c43   Thumb Code    32  seekfree_18tft.o(i.lcd_writeData)
    lcd_writeIndex                           0x00008c63   Thumb Code    32  seekfree_18tft.o(i.lcd_writeIndex)
    lcd_writedata_16bit                      0x00008c83   Thumb Code    46  seekfree_18tft.o(i.lcd_writedata_16bit)
    main                                     0x00008cb1   Thumb Code   300  main.o(i.main)
    mpu6050_init_hardware                    0x00008e65   Thumb Code   112  seekfree_mpu6050.o(i.mpu6050_init_hardware)
    mpu6050_self2_check                      0x00008ed5   Thumb Code    44  seekfree_mpu6050.o(i.mpu6050_self2_check)
    mt9v032_cof_uart_interrupt               0x00008f01   Thumb Code    68  seekfree_mt9v032.o(i.mt9v032_cof_uart_interrupt)
    mt9v032_dma                              0x00008f51   Thumb Code    22  seekfree_mt9v032.o(i.mt9v032_dma)
    mt9v032_vsync                            0x00008f71   Thumb Code    40  seekfree_mt9v032.o(i.mt9v032_vsync)
    myabs                                    0x00008fa5   Thumb Code    14  seekfree_fun.o(i.myabs)
    nrf_init                                 0x00008fb5   Thumb Code   200  seekfree_nrf24l01.o(i.nrf_init)
    nrf_rece_packet                          0x00009081   Thumb Code    54  seekfree_nrf24l01.o(i.nrf_rece_packet)
    nrf_self_check                           0x000090b7   Thumb Code    28  seekfree_nrf24l01.o(i.nrf_self_check)
    nrf_send_packet                          0x000090d5   Thumb Code   130  seekfree_nrf24l01.o(i.nrf_send_packet)
    nrf_spi_r_reg_burst                      0x0000915d   Thumb Code    60  seekfree_nrf24l01.o(i.nrf_spi_r_reg_burst)
    nrf_spi_r_reg_byte                       0x00009199   Thumb Code    38  seekfree_nrf24l01.o(i.nrf_spi_r_reg_byte)
    nrf_spi_w_cmd_byte                       0x000091bf   Thumb Code    32  seekfree_nrf24l01.o(i.nrf_spi_w_cmd_byte)
    nrf_spi_w_reg_burst                      0x000091df   Thumb Code    58  seekfree_nrf24l01.o(i.nrf_spi_w_reg_burst)
    nrf_spi_w_reg_byte                       0x00009219   Thumb Code    40  seekfree_nrf24l01.o(i.nrf_spi_w_reg_byte)
    nrf_spi_wr_byte                          0x00009241   Thumb Code    58  seekfree_nrf24l01.o(i.nrf_spi_wr_byte)
    pint_init                                0x0000927d   Thumb Code   242  lpc546xx_pint.o(i.pint_init)
    pit_init                                 0x00009379   Thumb Code    50  lpc546xx_pit.o(i.pit_init)
    pll_init                                 0x000094b9   Thumb Code   112  lpc546xx_pll.o(i.pll_init)
    range_protect                            0x00009541   Thumb Code    22  control.o(i.range_protect)
    sct_camera_dma                           0x00009559   Thumb Code   148  lpc546xx_sct.o(i.sct_camera_dma)
    sct_input_mux                            0x000095fd   Thumb Code   458  lpc546xx_sct.o(i.sct_input_mux)
    sct_start                                0x000097d1   Thumb Code    24  lpc546xx_sct.o(i.sct_start)
    siyuansu_init                            0x000097ed   Thumb Code    72  siyuansu.o(i.siyuansu_init)
    spi_init                                 0x00009855   Thumb Code   194  lpc546xx_spi.o(i.spi_init)
    spi_mosi                                 0x0000991d   Thumb Code   302  lpc546xx_spi.o(i.spi_mosi)
    spi_mux                                  0x00009a51   Thumb Code  1278  lpc546xx_spi.o(i.spi_mux)
    sqrt                                     0x00009f4f   Thumb Code   110  sqrt.o(i.sqrt)
    systick_delay                            0x00009fbd   Thumb Code    44  lpc546xx_systick.o(i.systick_delay)
    systick_delay_ms                         0x00009fe9   Thumb Code    32  lpc546xx_systick.o(i.systick_delay_ms)
    uart_init                                0x0000a00d   Thumb Code   268  lpc546xx_uart.o(i.uart_init)
    uart_mux                                 0x0000a11d   Thumb Code   552  lpc546xx_uart.o(i.uart_mux)
    uart_putbuff                             0x0000a345   Thumb Code    30  lpc546xx_uart.o(i.uart_putbuff)
    uart_putchar                             0x0000a365   Thumb Code    32  lpc546xx_uart.o(i.uart_putchar)
    uart_query                               0x0000a389   Thumb Code    38  lpc546xx_uart.o(i.uart_query)
    uart_rx_irq                              0x0000a3b5   Thumb Code   116  lpc546xx_uart.o(i.uart_rx_irq)
    write_syspllctrl                         0x0000a42d   Thumb Code   120  lpc546xx_pll.o(i.write_syspllctrl)
    _get_lc_numeric                          0x0000a4a9   Thumb Code    44  lc_numeric_c.o(locale$$code)
    __aeabi_dneg                             0x0000a4d5   Thumb Code     0  basic.o(x$fpl$basic)
    _dneg                                    0x0000a4d5   Thumb Code     6  basic.o(x$fpl$basic)
    __aeabi_fneg                             0x0000a4db   Thumb Code     0  basic.o(x$fpl$basic)
    _fneg                                    0x0000a4db   Thumb Code     6  basic.o(x$fpl$basic)
    _dabs                                    0x0000a4e1   Thumb Code     6  basic.o(x$fpl$basic)
    _fabs                                    0x0000a4e7   Thumb Code     6  basic.o(x$fpl$basic)
    __aeabi_d2f                              0x0000a4ed   Thumb Code     0  d2f.o(x$fpl$d2f)
    _d2f                                     0x0000a4ed   Thumb Code    98  d2f.o(x$fpl$d2f)
    __aeabi_dadd                             0x0000a551   Thumb Code     0  daddsub_clz.o(x$fpl$dadd)
    _dadd                                    0x0000a551   Thumb Code   332  daddsub_clz.o(x$fpl$dadd)
    __fpl_dcmp_Inf                           0x0000a6a1   Thumb Code    24  dcmpi.o(x$fpl$dcmpinf)
    __aeabi_ddiv                             0x0000a6b9   Thumb Code     0  ddiv.o(x$fpl$ddiv)
    _ddiv                                    0x0000a6b9   Thumb Code   552  ddiv.o(x$fpl$ddiv)
    __aeabi_d2iz                             0x0000a969   Thumb Code     0  dfix.o(x$fpl$dfix)
    _dfix                                    0x0000a969   Thumb Code    94  dfix.o(x$fpl$dfix)
    __aeabi_d2uiz                            0x0000a9c9   Thumb Code     0  dfixu.o(x$fpl$dfixu)
    _dfixu                                   0x0000a9c9   Thumb Code    90  dfixu.o(x$fpl$dfixu)
    __aeabi_i2d                              0x0000aa23   Thumb Code     0  dflt_clz.o(x$fpl$dflt)
    _dflt                                    0x0000aa23   Thumb Code    46  dflt_clz.o(x$fpl$dflt)
    __aeabi_ui2d                             0x0000aa51   Thumb Code     0  dflt_clz.o(x$fpl$dfltu)
    _dfltu                                   0x0000aa51   Thumb Code    38  dflt_clz.o(x$fpl$dfltu)
    __aeabi_cdcmple                          0x0000aa79   Thumb Code     0  dleqf.o(x$fpl$dleqf)
    _dcmple                                  0x0000aa79   Thumb Code   120  dleqf.o(x$fpl$dleqf)
    __fpl_dcmple_InfNaN                      0x0000aadb   Thumb Code     0  dleqf.o(x$fpl$dleqf)
    __aeabi_dmul                             0x0000aaf1   Thumb Code     0  dmul.o(x$fpl$dmul)
    _dmul                                    0x0000aaf1   Thumb Code   332  dmul.o(x$fpl$dmul)
    __fpl_dnaninf                            0x0000ac45   Thumb Code   156  dnaninf.o(x$fpl$dnaninf)
    __fpl_dretinf                            0x0000ace1   Thumb Code    12  dretinf.o(x$fpl$dretinf)
    __aeabi_cdrcmple                         0x0000aced   Thumb Code     0  drleqf.o(x$fpl$drleqf)
    _drcmple                                 0x0000aced   Thumb Code   108  drleqf.o(x$fpl$drleqf)
    __aeabi_drsub                            0x0000ad59   Thumb Code     0  daddsub_clz.o(x$fpl$drsb)
    _drsb                                    0x0000ad59   Thumb Code    22  daddsub_clz.o(x$fpl$drsb)
    _dsqrt                                   0x0000ad71   Thumb Code   404  dsqrt_umaal.o(x$fpl$dsqrt)
    __aeabi_dsub                             0x0000af09   Thumb Code     0  daddsub_clz.o(x$fpl$dsub)
    _dsub                                    0x0000af09   Thumb Code   464  daddsub_clz.o(x$fpl$dsub)
    __aeabi_f2d                              0x0000b0dd   Thumb Code     0  f2d.o(x$fpl$f2d)
    _f2d                                     0x0000b0dd   Thumb Code    86  f2d.o(x$fpl$f2d)
    __aeabi_ul2f                             0x0000b133   Thumb Code     0  ffltll_clz.o(x$fpl$ffltll)
    _ll_uto_f                                0x0000b133   Thumb Code     6  ffltll_clz.o(x$fpl$ffltll)
    __aeabi_l2f                              0x0000b139   Thumb Code     0  ffltll_clz.o(x$fpl$ffltll)
    _ll_sto_f                                0x0000b139   Thumb Code    90  ffltll_clz.o(x$fpl$ffltll)
    __fpl_fnaninf                            0x0000b193   Thumb Code   140  fnaninf.o(x$fpl$fnaninf)
    _fp_init                                 0x0000b21f   Thumb Code    10  fpinit.o(x$fpl$fpinit)
    __fplib_config_fpu_vfp                   0x0000b227   Thumb Code     0  fpinit.o(x$fpl$fpinit)
    __fplib_config_pureend_doubles           0x0000b227   Thumb Code     0  fpinit.o(x$fpl$fpinit)
    __fpl_fretinf                            0x0000b229   Thumb Code    10  fretinf.o(x$fpl$fretinf)
    _printf_fp_dec                           0x0000b233   Thumb Code     4  printf1.o(x$fpl$printf1)
    __I$use$fp                               0x0000b236   Number         0  usenofp.o(x$fpl$usenofp)
    period_ch                                0x0000b238   Data          20  lpc546xx_ctimer.o(.constdata)
    duty_max                                 0x0000b24c   Data          20  lpc546xx_ctimer.o(.constdata)
    tft_ascii                                0x0000b260   Data        1520  seekfree_font.o(.constdata)
    gImage_qq                                0x0000b850   Data        3200  seekfree_font.o(.constdata)
    chinese_test                             0x0000c4d0   Data         128  seekfree_font.o(.constdata)
    oled_6x8                                 0x0000c550   Data         552  seekfree_font.o(.constdata)
    oled_8x16                                0x0000c778   Data        1520  seekfree_font.o(.constdata)
    oled_16x16_chinese                       0x0000cd68   Data         128  seekfree_font.o(.constdata)
    __mathlib_zero                           0x0000ced0   Data           8  qnan.o(.constdata)
    Region$$Table$$Base                      0x0000cf6c   Number         0  anon$$obj.o(Region$$Table)
    Region$$Table$$Limit                     0x0000cf8c   Number         0  anon$$obj.o(Region$$Table)
    TIMERN                                   0x20000000   Data          20  lpc546xx_ctimer.o(.data)
    FLEXCOMMN                                0x20000014   Data          40  lpc546xx_flexcomm.o(.data)
    IICN                                     0x2000003c   Data          40  lpc546xx_iic.o(.data)
    main_clk_mhz                             0x20000064   Data           2  lpc546xx_pll.o(.data)
    SPIN                                     0x20000068   Data          40  lpc546xx_spi.o(.data)
    UARTN                                    0x20000090   Data          40  lpc546xx_uart.o(.data)
    i                                        0x200000b8   Data           1  isr.o(.data)
    j                                        0x200000b9   Data           1  isr.o(.data)
    Flag_10ms                                0x200000ba   Data           1  isr.o(.data)
    yuzhi                                    0x200000bb   Data           1  isr.o(.data)
    tt                                       0x200000bc   Data           4  isr.o(.data)
    Mode_Set                                 0x200000c0   Data           1  main.o(.data)
    Element_Key                              0x200000c1   Data           1  main.o(.data)
    S_D5_Duty                                0x200000c2   Data           2  main.o(.data)
    ChaSu_Ero                                0x200000c4   Data           2  main.o(.data)
    Mid_Point_car                            0x200000c6   Data           1  main.o(.data)
    Mid_Point_s                              0x200000c7   Data           1  main.o(.data)
    Point_s                                  0x200000c8   Data           1  main.o(.data)
    Z_Point_s                                0x200000cc   Data           4  main.o(.data)
    A_Point_s                                0x200000d0   Data           2  main.o(.data)
    zuiyuan                                  0x200000d2   Data           1  main.o(.data)
    Jiasu_Flag                               0x200000d3   Data           1  main.o(.data)
    juli                                     0x200000d4   Data           2  main.o(.data)
    hangchen                                 0x200000d6   Data           2  main.o(.data)
    hangchen_flag                            0x200000d8   Data           1  main.o(.data)
    mpu_gyro_x                               0x200000da   Data           2  seekfree_mpu6050.o(.data)
    mpu_gyro_y                               0x200000dc   Data           2  seekfree_mpu6050.o(.data)
    mpu_gyro_z                               0x200000de   Data           2  seekfree_mpu6050.o(.data)
    mpu_acc_x                                0x200000e0   Data           2  seekfree_mpu6050.o(.data)
    mpu_acc_y                                0x200000e2   Data           2  seekfree_mpu6050.o(.data)
    mpu_acc_z                                0x200000e4   Data           2  seekfree_mpu6050.o(.data)
    receive                                  0x200000e6   Data           3  seekfree_mt9v032.o(.data)
    receive_num                              0x200000e9   Data           1  seekfree_mt9v032.o(.data)
    uart_receive_flag                        0x200000ea   Data           1  seekfree_mt9v032.o(.data)
    MT9V032_CFG                              0x200000ec   Data          36  seekfree_mt9v032.o(.data)
    GET_CFG                                  0x20000110   Data          32  seekfree_mt9v032.o(.data)
    mt9v032_finish_flag                      0x20000130   Data           1  seekfree_mt9v032.o(.data)
    NRF_RF_Addr                              0x20000131   Data           5  seekfree_nrf24l01.o(.data)
    Speed_Now                                0x20000138   Data           4  control.o(.data)
    Speed_Min                                0x2000013c   Data           4  control.o(.data)
    Speed_Set                                0x20000140   Data           4  control.o(.data)
    Run_Flag                                 0x20000144   Data           1  control.o(.data)
    Stop_Flag                                0x20000145   Data           1  control.o(.data)
    Run_Stop                                 0x20000146   Data           1  control.o(.data)
    Ready_Stop                               0x20000147   Data           1  control.o(.data)
    Crazy                                    0x20000148   Data           1  control.o(.data)
    RC_Get                                   0x2000014c   Data           4  control.o(.data)
    MOTOR_Duty                               0x20000150   Data           4  control.o(.data)
    MOTOR_Speed                              0x20000154   Data           4  control.o(.data)
    MOTOR_Speed_Last                         0x20000158   Data           4  control.o(.data)
    MOTOR_Acc                                0x2000015c   Data           4  control.o(.data)
    Annulus_Error                            0x20000160   Data           4  control.o(.data)
    se                                       0x20000164   Data           1  control.o(.data)
    colour                                   0x20000174   Data           2  handle.o(.data)
    black                                    0x20000176   Data           1  handle.o(.data)
    white                                    0x20000177   Data           1  handle.o(.data)
    Weight                                   0x20000178   Data          60  handle.o(.data)
    Width_Min                                0x200001b4   Data           1  handle.o(.data)
    Foresight                                0x200001b5   Data           1  handle.o(.data)
    Out_Side                                 0x200001b6   Data           1  handle.o(.data)
    Line_Count                               0x200001b7   Data           1  handle.o(.data)
    Left_Add_Start                           0x200001b8   Data           1  handle.o(.data)
    Right_Add_Start                          0x200001b9   Data           1  handle.o(.data)
    Left_Add_Stop                            0x200001ba   Data           1  handle.o(.data)
    Right_Add_Stop                           0x200001bb   Data           1  handle.o(.data)
    Left_Ka                                  0x200001bc   Data           4  handle.o(.data)
    Right_Ka                                 0x200001c0   Data           4  handle.o(.data)
    Left_Kb                                  0x200001c4   Data           4  handle.o(.data)
    Right_Kb                                 0x200001c8   Data           4  handle.o(.data)
    Left_Hazard_Flag                         0x200001cc   Data           1  handle.o(.data)
    Right_Hazard_Flag                        0x200001cd   Data           1  handle.o(.data)
    Left_Max                                 0x200001ce   Data           1  handle.o(.data)
    Right_Min                                0x200001cf   Data           1  handle.o(.data)
    Area_Left                                0x200001d0   Data           4  handle.o(.data)
    Area_Right                               0x200001d4   Data           4  handle.o(.data)
    Starting_Line_Flag                       0x200001d8   Data           1  handle.o(.data)
    Element_Flag                             0x200001d9   Data           1  handle.o(.data)
    Element_Hang                             0x200001da   Data           1  handle.o(.data)
    Jintou_Hang                              0x200001db   Data           1  handle.o(.data)
    Obstacle_Flag                            0x200001dc   Data           1  handle.o(.data)
    Obstacle_Mode                            0x200001dd   Data           1  handle.o(.data)
    Obstacle_Z_Value1                        0x200001de   Data           2  handle.o(.data)
    Obstacle_Z_Value2                        0x200001e0   Data           2  handle.o(.data)
    Obstacle_Z_Value3                        0x200001e2   Data           2  handle.o(.data)
    Broken_Flag                              0x200001e4   Data           1  handle.o(.data)
    Broken_Mode                              0x200001e5   Data           1  handle.o(.data)
    Broken_Z_Flag                            0x200001e6   Data           1  handle.o(.data)
    BM                                       0x200001e8   Data           2  handle.o(.data)
    PoDao_Flag                               0x200001ea   Data           1  handle.o(.data)
    Annulus_Flag                             0x200001eb   Data           1  handle.o(.data)
    Annulus_L                                0x200001ec   Data           1  handle.o(.data)
    Annulus_R                                0x200001ed   Data           1  handle.o(.data)
    Left_Flag                                0x200001ee   Data           1  handle.o(.data)
    Right_Flag                               0x200001ef   Data           1  handle.o(.data)
    Annulus_Mode                             0x200001f0   Data           1  handle.o(.data)
    Annulus_lastpoint                        0x200001f1   Data           1  handle.o(.data)
    Annulus_yanshi                           0x200001f2   Data          14  handle.o(.data)
    Annulus_jiansu                           0x20000200   Data          14  handle.o(.data)
    bl                                       0x2000020e   Data           2  handle.o(.data)
    Picture_Flag                             0x20000210   Data           1  handle.o(.data)
    s                                        0x20000211   Data           1  handle.o(.data)
    Fres                                     0x20000212   Data           1  handle.o(.data)
    Fresight                                 0x20000213   Data          10  handle.o(.data)
    Test_Jump                                0x2000021d   Data           1  handle.o(.data)
    S_D5                                     0x20000228   Data         112  pid.o(.data)
    S_D5_MOTOR                               0x20000298   Data          28  pid.o(.data)
    DKP                                      0x200002b4   Data           4  pid.o(.data)
    MOTOR                                    0x200002b8   Data          12  pid.o(.data)
    datbuf                                   0x200002c4   Data           1  system.o(.data)
    chaoshengbo_flag                         0x200002c5   Data           1  system.o(.data)
    highbuf                                  0x200002c6   Data           1  system.o(.data)
    lowbuf                                   0x200002c7   Data           1  system.o(.data)
    adc1_result                              0x200002c8   Data           2  system.o(.data)
    adc2_result                              0x200002ca   Data           2  system.o(.data)
    adc3_result                              0x200002cc   Data           2  system.o(.data)
    adc4_result                              0x200002ce   Data           2  system.o(.data)
    sw1_status                               0x200002d0   Data           1  system.o(.data)
    sw2_status                               0x200002d1   Data           1  system.o(.data)
    key1_status                              0x200002d2   Data           1  system.o(.data)
    key2_status                              0x200002d3   Data           1  system.o(.data)
    key3_status                              0x200002d4   Data           1  system.o(.data)
    key4_status                              0x200002d5   Data           1  system.o(.data)
    key1_last_status                         0x200002d6   Data           1  system.o(.data)
    key2_last_status                         0x200002d7   Data           1  system.o(.data)
    key3_last_status                         0x200002d8   Data           1  system.o(.data)
    key4_last_status                         0x200002d9   Data           1  system.o(.data)
    key1_flag                                0x200002da   Data           1  system.o(.data)
    key2_flag                                0x200002db   Data           1  system.o(.data)
    key3_flag                                0x200002dc   Data           1  system.o(.data)
    key4_flag                                0x200002dd   Data           1  system.o(.data)
    jig_status                               0x200002de   Data           1  system.o(.data)
    GYRO                                     0x200002e0   Data           6  siyuansu.o(.data)
    GYRO_Offset                              0x200002e6   Data           6  siyuansu.o(.data)
    GYRO_Last                                0x200002ec   Data           6  siyuansu.o(.data)
    ACC                                      0x200002f2   Data           6  siyuansu.o(.data)
    ACC_Offset                               0x200002f8   Data           6  siyuansu.o(.data)
    ACC_Last                                 0x200002fe   Data           6  siyuansu.o(.data)
    GYRO_X_BUF                               0x20000304   Data           8  siyuansu.o(.data)
    GYRO_Y_BUF                               0x2000030c   Data           8  siyuansu.o(.data)
    GYRO_Z_BUF                               0x20000314   Data           8  siyuansu.o(.data)
    q0                                       0x2000031c   Data           4  siyuansu.o(.data)
    q1                                       0x20000320   Data           4  siyuansu.o(.data)
    q2                                       0x20000324   Data           4  siyuansu.o(.data)
    q3                                       0x20000328   Data           4  siyuansu.o(.data)
    exInt                                    0x2000032c   Data           4  siyuansu.o(.data)
    eyInt                                    0x20000330   Data           4  siyuansu.o(.data)
    ezInt                                    0x20000334   Data           4  siyuansu.o(.data)
    s_dma_descriptor_table                   0x20000400   Data         480  lpc546xx_dma.o(.bss)
    image_two                                0x200005e0   Data        9600  main.o(.bss)
    image                                    0x20002b60   Data        9600  seekfree_mt9v032.o(.bss)
    nrf_rx_buff                              0x200050e0   Data          32  seekfree_nrf24l01.o(.bss)
    nrf_tx_buff                              0x20005100   Data          32  seekfree_nrf24l01.o(.bss)
    Left_Line                                0x20005120   Data          62  handle.o(.bss)
    Right_Line                               0x2000515e   Data          62  handle.o(.bss)
    Mid_Line                                 0x2000519c   Data          62  handle.o(.bss)
    Toushi_Mid_Line                          0x200051da   Data          62  handle.o(.bss)
    Toushi_L_Line                            0x20005218   Data          62  handle.o(.bss)
    Toushi_R_Line                            0x20005256   Data          62  handle.o(.bss)
    Left_Add_Line                            0x20005294   Data          62  handle.o(.bss)
    Right_Add_Line                           0x200052d2   Data          62  handle.o(.bss)
    Left_Add_Flag                            0x20005310   Data          62  handle.o(.bss)
    Right_Add_Flag                           0x2000534e   Data          62  handle.o(.bss)
    Jump                                     0x2000538c   Data          62  handle.o(.bss)
    Width_Real                               0x200053ca   Data          62  handle.o(.bss)
    Width_Add                                0x20005408   Data          62  handle.o(.bss)
    S_D5_PID                                 0x20005448   Data          16  pid.o(.bss)
    MOTOR_PID                                0x20005458   Data          16  pid.o(.bss)
    HistGram                                 0x20005468   Data         256  dajin.o(.bss)
    GYRO_Real                                0x20005568   Data          12  siyuansu.o(.bss)
    ACC_Real                                 0x20005574   Data          12  siyuansu.o(.bss)
    Attitude_Angle                           0x20005580   Data          12  siyuansu.o(.bss)
    Last_Angle                               0x2000558c   Data          12  siyuansu.o(.bss)
    Target_Angle                             0x20005598   Data          12  siyuansu.o(.bss)
    Tar_Ang_Vel                              0x200055a4   Data          12  siyuansu.o(.bss)
    Tar_Ang_Vel_Last                         0x200055b0   Data          12  siyuansu.o(.bss)
    ACC_X_BUF                                0x200055bc   Data          20  siyuansu.o(.bss)
    ACC_Y_BUF                                0x200055d0   Data          20  siyuansu.o(.bss)
    ACC_Z_BUF                                0x200055e4   Data          20  siyuansu.o(.bss)
    __libspace_start                         0x200055f8   Data          96  libspace.o(.bss)
    __temporary_stack_top$libspace           0x20005658   Data           0  libspace.o(.bss)



==============================================================================

Memory Map of the image

  Image Entry point : 0x00000125

  Load Region LR_IROM2 (Base: 0x00000000, Size: 0x0000d2e0, Max: 0x00080000, ABSOLUTE, COMPRESSED[0x0000d0dc])

    Execution Region ER_IROM2 (Exec base: 0x00000000, Load base: 0x00000000, Size: 0x0000cfa8, Max: 0x00080000, ABSOLUTE)

    Exec Addr    Load Addr    Size         Type   Attr      Idx    E Section Name        Object

    0x00000000   0x00000000   0x00000124   Data   RO            3    RESET               startup_lpc54606.o
    0x00000124   0x00000124   0x00000008   Code   RO         2686  * !!!main             c_w.l(__main.o)
    0x0000012c   0x0000012c   0x00000034   Code   RO         3049    !!!scatter          c_w.l(__scatter.o)
    0x00000160   0x00000160   0x0000005a   Code   RO         3047    !!dczerorl2         c_w.l(__dczerorl2.o)
    0x000001ba   0x000001ba   0x00000002   PAD
    0x000001bc   0x000001bc   0x0000001c   Code   RO         3051    !!handler_zi        c_w.l(__scatter_zi.o)
    0x000001d8   0x000001d8   0x00000000   Code   RO         2681    .ARM.Collect$$_printf_percent$$00000000  c_w.l(_printf_percent.o)
    0x000001d8   0x000001d8   0x00000006   Code   RO         2680    .ARM.Collect$$_printf_percent$$00000003  c_w.l(_printf_f.o)
    0x000001de   0x000001de   0x00000006   Code   RO         2679    .ARM.Collect$$_printf_percent$$00000009  c_w.l(_printf_d.o)
    0x000001e4   0x000001e4   0x00000004   Code   RO         2779    .ARM.Collect$$_printf_percent$$00000017  c_w.l(_printf_percent_end.o)
    0x000001e8   0x000001e8   0x00000002   Code   RO         2917    .ARM.Collect$$libinit$$00000000  c_w.l(libinit.o)
    0x000001ea   0x000001ea   0x00000004   Code   RO         2918    .ARM.Collect$$libinit$$00000001  c_w.l(libinit2.o)
    0x000001ee   0x000001ee   0x00000000   Code   RO         2921    .ARM.Collect$$libinit$$00000004  c_w.l(libinit2.o)
    0x000001ee   0x000001ee   0x00000000   Code   RO         2924    .ARM.Collect$$libinit$$0000000A  c_w.l(libinit2.o)
    0x000001ee   0x000001ee   0x00000000   Code   RO         2926    .ARM.Collect$$libinit$$0000000C  c_w.l(libinit2.o)
    0x000001ee   0x000001ee   0x00000000   Code   RO         2928    .ARM.Collect$$libinit$$0000000E  c_w.l(libinit2.o)
    0x000001ee   0x000001ee   0x00000006   Code   RO         2929    .ARM.Collect$$libinit$$0000000F  c_w.l(libinit2.o)
    0x000001f4   0x000001f4   0x00000000   Code   RO         2931    .ARM.Collect$$libinit$$00000011  c_w.l(libinit2.o)
    0x000001f4   0x000001f4   0x00000000   Code   RO         2933    .ARM.Collect$$libinit$$00000013  c_w.l(libinit2.o)
    0x000001f4   0x000001f4   0x00000000   Code   RO         2935    .ARM.Collect$$libinit$$00000015  c_w.l(libinit2.o)
    0x000001f4   0x000001f4   0x0000000a   Code   RO         2936    .ARM.Collect$$libinit$$00000016  c_w.l(libinit2.o)
    0x000001fe   0x000001fe   0x00000000   Code   RO         2937    .ARM.Collect$$libinit$$00000017  c_w.l(libinit2.o)
    0x000001fe   0x000001fe   0x00000000   Code   RO         2939    .ARM.Collect$$libinit$$00000019  c_w.l(libinit2.o)
    0x000001fe   0x000001fe   0x00000000   Code   RO         2941    .ARM.Collect$$libinit$$0000001B  c_w.l(libinit2.o)
    0x000001fe   0x000001fe   0x00000000   Code   RO         2943    .ARM.Collect$$libinit$$0000001D  c_w.l(libinit2.o)
    0x000001fe   0x000001fe   0x00000000   Code   RO         2945    .ARM.Collect$$libinit$$0000001F  c_w.l(libinit2.o)
    0x000001fe   0x000001fe   0x00000000   Code   RO         2947    .ARM.Collect$$libinit$$00000021  c_w.l(libinit2.o)
    0x000001fe   0x000001fe   0x00000000   Code   RO         2949    .ARM.Collect$$libinit$$00000023  c_w.l(libinit2.o)
    0x000001fe   0x000001fe   0x00000000   Code   RO         2951    .ARM.Collect$$libinit$$00000025  c_w.l(libinit2.o)
    0x000001fe   0x000001fe   0x00000000   Code   RO         2955    .ARM.Collect$$libinit$$0000002C  c_w.l(libinit2.o)
    0x000001fe   0x000001fe   0x00000000   Code   RO         2957    .ARM.Collect$$libinit$$0000002E  c_w.l(libinit2.o)
    0x000001fe   0x000001fe   0x00000000   Code   RO         2959    .ARM.Collect$$libinit$$00000030  c_w.l(libinit2.o)
    0x000001fe   0x000001fe   0x00000000   Code   RO         2961    .ARM.Collect$$libinit$$00000032  c_w.l(libinit2.o)
    0x000001fe   0x000001fe   0x00000002   Code   RO         2962    .ARM.Collect$$libinit$$00000033  c_w.l(libinit2.o)
    0x00000200   0x00000200   0x00000002   Code   RO         3006    .ARM.Collect$$libshutdown$$00000000  c_w.l(libshutdown.o)
    0x00000202   0x00000202   0x00000000   Code   RO         3018    .ARM.Collect$$libshutdown$$00000003  c_w.l(libshutdown2.o)
    0x00000202   0x00000202   0x00000000   Code   RO         3021    .ARM.Collect$$libshutdown$$00000006  c_w.l(libshutdown2.o)
    0x00000202   0x00000202   0x00000000   Code   RO         3024    .ARM.Collect$$libshutdown$$00000009  c_w.l(libshutdown2.o)
    0x00000202   0x00000202   0x00000000   Code   RO         3026    .ARM.Collect$$libshutdown$$0000000B  c_w.l(libshutdown2.o)
    0x00000202   0x00000202   0x00000000   Code   RO         3029    .ARM.Collect$$libshutdown$$0000000E  c_w.l(libshutdown2.o)
    0x00000202   0x00000202   0x00000002   Code   RO         3030    .ARM.Collect$$libshutdown$$0000000F  c_w.l(libshutdown2.o)
    0x00000204   0x00000204   0x00000000   Code   RO         2766    .ARM.Collect$$rtentry$$00000000  c_w.l(__rtentry.o)
    0x00000204   0x00000204   0x00000000   Code   RO         2837    .ARM.Collect$$rtentry$$00000002  c_w.l(__rtentry2.o)
    0x00000204   0x00000204   0x00000006   Code   RO         2849    .ARM.Collect$$rtentry$$00000004  c_w.l(__rtentry4.o)
    0x0000020a   0x0000020a   0x00000000   Code   RO         2839    .ARM.Collect$$rtentry$$00000009  c_w.l(__rtentry2.o)
    0x0000020a   0x0000020a   0x00000004   Code   RO         2840    .ARM.Collect$$rtentry$$0000000A  c_w.l(__rtentry2.o)
    0x0000020e   0x0000020e   0x00000000   Code   RO         2842    .ARM.Collect$$rtentry$$0000000C  c_w.l(__rtentry2.o)
    0x0000020e   0x0000020e   0x00000008   Code   RO         2843    .ARM.Collect$$rtentry$$0000000D  c_w.l(__rtentry2.o)
    0x00000216   0x00000216   0x00000002   Code   RO         2963    .ARM.Collect$$rtexit$$00000000  c_w.l(rtexit.o)
    0x00000218   0x00000218   0x00000000   Code   RO         2974    .ARM.Collect$$rtexit$$00000002  c_w.l(rtexit2.o)
    0x00000218   0x00000218   0x00000004   Code   RO         2975    .ARM.Collect$$rtexit$$00000003  c_w.l(rtexit2.o)
    0x0000021c   0x0000021c   0x00000006   Code   RO         2976    .ARM.Collect$$rtexit$$00000004  c_w.l(rtexit2.o)
    0x00000222   0x00000222   0x00000002   PAD
    0x00000224   0x00000224   0x00000214   Code   RO            4    .text               startup_lpc54606.o
    0x00000438   0x00000438   0x00000048   Code   RO         2649    .text               c_w.l(llsdiv.o)
    0x00000480   0x00000480   0x0000002c   Code   RO         2651    .text               c_w.l(__2sprintf.o)
    0x000004ac   0x000004ac   0x00000068   Code   RO         2655    .text               c_w.l(__printf.o)
    0x00000514   0x00000514   0x00000078   Code   RO         2657    .text               c_w.l(_printf_dec.o)
    0x0000058c   0x0000058c   0x00000006   Code   RO         2684    .text               c_w.l(heapauxi.o)
    0x00000592   0x00000592   0x000000ee   Code   RO         2767    .text               c_w.l(lludivv7m.o)
    0x00000680   0x00000680   0x00000016   Code   RO         2769    .text               c_w.l(_rserrno.o)
    0x00000696   0x00000696   0x000000b2   Code   RO         2771    .text               c_w.l(_printf_intcommon.o)
    0x00000748   0x00000748   0x0000041a   Code   RO         2773    .text               c_w.l(_printf_fp_dec.o)
    0x00000b62   0x00000b62   0x00000002   PAD
    0x00000b64   0x00000b64   0x00000030   Code   RO         2775    .text               c_w.l(_printf_char_common.o)
    0x00000b94   0x00000b94   0x0000000a   Code   RO         2777    .text               c_w.l(_sputc.o)
    0x00000b9e   0x00000b9e   0x00000002   PAD
    0x00000ba0   0x00000ba0   0x00000008   Code   RO         2858    .text               c_w.l(rt_locale_intlibspace.o)
    0x00000ba8   0x00000ba8   0x00000008   Code   RO         2863    .text               c_w.l(rt_errno_addr_intlibspace.o)
    0x00000bb0   0x00000bb0   0x0000008a   Code   RO         2865    .text               c_w.l(lludiv10.o)
    0x00000c3a   0x00000c3a   0x00000002   PAD
    0x00000c3c   0x00000c3c   0x00000080   Code   RO         2867    .text               c_w.l(_printf_fp_infnan.o)
    0x00000cbc   0x00000cbc   0x000000dc   Code   RO         2871    .text               c_w.l(bigflt0.o)
    0x00000d98   0x00000d98   0x00000008   Code   RO         2901    .text               c_w.l(libspace.o)
    0x00000da0   0x00000da0   0x0000004a   Code   RO         2904    .text               c_w.l(sys_stackheap_outer.o)
    0x00000dea   0x00000dea   0x0000000c   Code   RO         2908    .text               c_w.l(exit.o)
    0x00000df6   0x00000df6   0x00000002   PAD
    0x00000df8   0x00000df8   0x00000080   Code   RO         2910    .text               c_w.l(strcmpv7m.o)
    0x00000e78   0x00000e78   0x0000000c   Code   RO         2992    .text               c_w.l(sys_exit.o)
    0x00000e84   0x00000e84   0x00000002   Code   RO         3009    .text               c_w.l(use_no_semi.o)
    0x00000e86   0x00000e86   0x00000000   Code   RO         3011    .text               c_w.l(indicate_semi.o)
    0x00000e86   0x00000e86   0x0000003e   Code   RO         2874    CL$$btod_d2e        c_w.l(btod.o)
    0x00000ec4   0x00000ec4   0x00000046   Code   RO         2876    CL$$btod_d2e_denorm_low  c_w.l(btod.o)
    0x00000f0a   0x00000f0a   0x00000060   Code   RO         2875    CL$$btod_d2e_norm_op1  c_w.l(btod.o)
    0x00000f6a   0x00000f6a   0x00000338   Code   RO         2884    CL$$btod_div_common  c_w.l(btod.o)
    0x000012a2   0x000012a2   0x000000c6   Code   RO         2881    CL$$btod_e2e        c_w.l(btod.o)
    0x00001368   0x00001368   0x00000028   Code   RO         2878    CL$$btod_ediv       c_w.l(btod.o)
    0x00001390   0x00001390   0x00000028   Code   RO         2877    CL$$btod_emul       c_w.l(btod.o)
    0x000013b8   0x000013b8   0x00000244   Code   RO         2883    CL$$btod_mult_common  c_w.l(btod.o)
    0x000015fc   0x000015fc   0x00000424   Code   RO         2244    i.Annulus_Handle    handle.o
    0x00001a20   0x00001a20   0x000002ec   Code   RO         2246    i.Broken_Handle     handle.o
    0x00001d0c   0x00001d0c   0x0000003e   Code   RO         2247    i.Calculate_Add     handle.o
    0x00001d4a   0x00001d4a   0x00000002   PAD
    0x00001d4c   0x00001d4c   0x000004da   Code   RO         2249    i.Corrode_Filter    handle.o
    0x00002226   0x00002226   0x00000002   PAD
    0x00002228   0x00002228   0x00000148   Code   RO         2250    i.Curve_Fitting     handle.o
    0x00002370   0x00002370   0x00000018   Code   RO         1080    i.DMA0_DriverIRQHandler  isr.o
    0x00002388   0x00002388   0x000002a0   Code   RO         2604    i.Data_Filter       siyuansu.o
    0x00002628   0x00002628   0x000000d8   Code   RO         2251    i.Decide_Element    handle.o
    0x00002700   0x00002700   0x000000e4   Code   RO         2252    i.Duoji_Handle      handle.o
    0x000027e4   0x000027e4   0x00000048   Code   RO         1081    i.FLEXCOMM0_DriverIRQHandler  isr.o
    0x0000282c   0x0000282c   0x00000040   Code   RO         1082    i.FLEXCOMM5_DriverIRQHandler  isr.o
    0x0000286c   0x0000286c   0x000001e0   Code   RO         2254    i.First_Line_Handle  handle.o
    0x00002a4c   0x00002a4c   0x00000060   Code   RO         2255    i.Fresight_Calculate  handle.o
    0x00002aac   0x00002aac   0x0000001c   Code   RO         1083    i.GINT0_DriverIRQHandler  isr.o
    0x00002ac8   0x00002ac8   0x00000038   Code   RO         2572    i.GetHistGram       dajin.o
    0x00002b00   0x00002b00   0x000000f8   Code   RO         2605    i.Get_Attitude      siyuansu.o
    0x00002bf8   0x00002bf8   0x00000004   Code   RO           12    i.HardFault_Handler  system_lpc54606.o
    0x00002bfc   0x00002bfc   0x00000580   Code   RO         2606    i.IMUupdate         siyuansu.o
    0x0000317c   0x0000317c   0x0000051c   Code   RO         2256    i.Image_Handle      handle.o
    0x00003698   0x00003698   0x0000000c   Code   RO         2488    i.IncPID_Init       pid.o
    0x000036a4   0x000036a4   0x00000098   Code   RO         2258    i.Key_Handle        handle.o
    0x0000373c   0x0000373c   0x000009e4   Code   RO         2260    i.Line_Repair       handle.o
    0x00004120   0x00004120   0x000000c4   Code   RO         2193    i.MOTOR_Control     control.o
    0x000041e4   0x000041e4   0x00000074   Code   RO         1084    i.MRT0_DriverIRQHandler  isr.o
    0x00004258   0x00004258   0x0000006c   Code   RO          773    i.M_divider         lpc546xx_pll.o
    0x000042c4   0x000042c4   0x0000028c   Code   RO         2262    i.Mid_Line_Repair   handle.o
    0x00004550   0x00004550   0x00000002   Code   RO           13    i.NMI_Handler       system_lpc54606.o
    0x00004552   0x00004552   0x00000002   PAD
    0x00004554   0x00004554   0x00000018   Code   RO          390    i.NVIC_DisableIRQ   lpc546xx_flexcomm.o
    0x0000456c   0x0000456c   0x00000016   Code   RO          391    i.NVIC_EnableIRQ    lpc546xx_flexcomm.o
    0x00004582   0x00004582   0x00000016   Code   RO         1788    i.NVIC_EnableIRQ    seekfree_mt9v032.o
    0x00004598   0x00004598   0x00000028   Code   RO         1789    i.NVIC_SetPriority  seekfree_mt9v032.o
    0x000045c0   0x000045c0   0x00000070   Code   RO          774    i.N_divider         lpc546xx_pll.o
    0x00004630   0x00004630   0x000001b4   Code   RO         2573    i.OSTUThreshold     dajin.o
    0x000047e4   0x000047e4   0x00000130   Code   RO         2263    i.Obstacle_Handle   handle.o
    0x00004914   0x00004914   0x0000006c   Code   RO         2489    i.PID_Cascade       pid.o
    0x00004980   0x00004980   0x00000008   Code   RO         1085    i.PIN_INT7_DriverIRQHandler  isr.o
    0x00004988   0x00004988   0x00000064   Code   RO          775    i.P_divider         lpc546xx_pll.o
    0x000049ec   0x000049ec   0x00000094   Code   RO         2490    i.PlacePID_Control  pid.o
    0x00004a80   0x00004a80   0x0000008c   Code   RO         2491    i.PlacePID_Control_Broken  pid.o
    0x00004b0c   0x00004b0c   0x00000068   Code   RO         2492    i.PlacePID_Control_Obstacle  pid.o
    0x00004b74   0x00004b74   0x0000000a   Code   RO         2493    i.PlacePID_Init     pid.o
    0x00004b7e   0x00004b7e   0x00000002   PAD
    0x00004b80   0x00004b80   0x00000040   Code   RO         2264    i.PoDao_Handle      handle.o
    0x00004bc0   0x00004bc0   0x0000010c   Code   RO         2265    i.Point_Average     handle.o
    0x00004ccc   0x00004ccc   0x00000170   Code   RO         1086    i.RIT_DriverIRQHandler  isr.o
    0x00004e3c   0x00004e3c   0x0000019c   Code   RO         2267    i.Show_Handle       handle.o
    0x00004fd8   0x00004fd8   0x0000006c   Code   RO         2194    i.Speed_Control     control.o
    0x00005044   0x00005044   0x00000268   Code   RO         2195    i.Speed_Measure     control.o
    0x000052ac   0x000052ac   0x00000120   Code   RO         2196    i.Start_Control     control.o
    0x000053cc   0x000053cc   0x000000f4   Code   RO           14    i.SystemInit        system_lpc54606.o
    0x000054c0   0x000054c0   0x000000fc   Code   RO         2545    i.System_Init       system.o
    0x000055bc   0x000055bc   0x00000030   Code   RO         2269    i.Toushi_L_Average  handle.o
    0x000055ec   0x000055ec   0x00000030   Code   RO         2270    i.Toushi_R_Average  handle.o
    0x0000561c   0x0000561c   0x00000076   Code   RO         2271    i.Traversal_Left    handle.o
    0x00005692   0x00005692   0x00000002   PAD
    0x00005694   0x00005694   0x00000078   Code   RO         2272    i.Traversal_Left_Line  handle.o
    0x0000570c   0x0000570c   0x00000214   Code   RO         2273    i.Traversal_Mid_Line  handle.o
    0x00005920   0x00005920   0x00000076   Code   RO         2274    i.Traversal_Right   handle.o
    0x00005996   0x00005996   0x00000002   PAD
    0x00005998   0x00005998   0x00000078   Code   RO         2275    i.Traversal_Right_Line  handle.o
    0x00005a10   0x00005a10   0x00000030   Code   RO         2831    i.__ARM_fpclassify  m_wm.l(fpclassify.o)
    0x00005a40   0x00005a40   0x00000360   Code   RO         2728    i.__hardfp_asin     m_wm.l(asin.o)
    0x00005da0   0x00005da0   0x000002d8   Code   RO         2797    i.__hardfp_atan     m_wm.l(atan.o)
    0x00006078   0x00006078   0x000001f0   Code   RO         2742    i.__hardfp_atan2    m_wm.l(atan2.o)
    0x00006268   0x00006268   0x0000007a   Code   RO         2754    i.__hardfp_sqrt     m_wm.l(sqrt.o)
    0x000062e2   0x000062e2   0x000000f8   Code   RO         2833    i.__kernel_poly     m_wm.l(poly.o)
    0x000063da   0x000063da   0x00000014   Code   RO         2812    i.__mathlib_dbl_infnan  m_wm.l(dunder.o)
    0x000063ee   0x000063ee   0x00000014   Code   RO         2813    i.__mathlib_dbl_infnan2  m_wm.l(dunder.o)
    0x00006402   0x00006402   0x00000006   PAD
    0x00006408   0x00006408   0x00000020   Code   RO         2814    i.__mathlib_dbl_invalid  m_wm.l(dunder.o)
    0x00006428   0x00006428   0x00000020   Code   RO         2817    i.__mathlib_dbl_underflow  m_wm.l(dunder.o)
    0x00006448   0x00006448   0x00000074   Code   RO          198    i.adc_convert       lpc546xx_adc.o
    0x000064bc   0x000064bc   0x000000cc   Code   RO          199    i.adc_init          lpc546xx_adc.o
    0x00006588   0x00006588   0x0000007e   Code   RO          200    i.adc_mux           lpc546xx_adc.o
    0x00006606   0x00006606   0x00000010   Code   RO         2799    i.atan              m_wm.l(atan.o)
    0x00006616   0x00006616   0x00000028   Code   RO         2277    i.binaryzation      handle.o
    0x0000663e   0x0000663e   0x00000002   PAD
    0x00006640   0x00006640   0x000000ec   Code   RO         1790    i.camera_init       seekfree_mt9v032.o
    0x0000672c   0x0000672c   0x00000078   Code   RO          242    i.ctimer_clock      lpc546xx_ctimer.o
    0x000067a4   0x000067a4   0x0000001c   Code   RO          243    i.ctimer_count_clean  lpc546xx_ctimer.o
    0x000067c0   0x000067c0   0x000000a8   Code   RO          244    i.ctimer_count_init  lpc546xx_ctimer.o
    0x00006868   0x00006868   0x0000001c   Code   RO          245    i.ctimer_count_read  lpc546xx_ctimer.o
    0x00006884   0x00006884   0x0000018e   Code   RO          246    i.ctimer_countmux   lpc546xx_ctimer.o
    0x00006a12   0x00006a12   0x00000002   PAD
    0x00006a14   0x00006a14   0x000000a4   Code   RO          247    i.ctimer_pwm_duty   lpc546xx_ctimer.o
    0x00006ab8   0x00006ab8   0x0000018c   Code   RO          249    i.ctimer_pwm_init   lpc546xx_ctimer.o
    0x00006c44   0x00006c44   0x000001ee   Code   RO          250    i.ctimer_pwmmux     lpc546xx_ctimer.o
    0x00006e32   0x00006e32   0x00000002   PAD
    0x00006e34   0x00006e34   0x0000012c   Code   RO          318    i.dam_init_linked   lpc546xx_dma.o
    0x00006f60   0x00006f60   0x0000005c   Code   RO         1791    i.dma_reload_linked  seekfree_mt9v032.o
    0x00006fbc   0x00006fbc   0x00000030   Code   RO         1254    i.dsp_single_colour  seekfree_18tft.o
    0x00006fec   0x00006fec   0x00000018   Code   RO         2827    i.fabs              m_wm.l(fabs.o)
    0x00007004   0x00007004   0x0000001a   Code   RO          776    i.findPllMMult      lpc546xx_pll.o
    0x0000701e   0x0000701e   0x00000020   Code   RO          777    i.findPllPostDiv    lpc546xx_pll.o
    0x0000703e   0x0000703e   0x00000020   Code   RO          778    i.findPllPreDiv     lpc546xx_pll.o
    0x0000705e   0x0000705e   0x00000002   PAD
    0x00007060   0x00007060   0x000000d0   Code   RO          392    i.flexcomm_clk_enable  lpc546xx_flexcomm.o
    0x00007130   0x00007130   0x0000000c   Code   RO          393    i.flexcomm_get_clk  lpc546xx_flexcomm.o
    0x0000713c   0x0000713c   0x00000038   Code   RO          394    i.flexcomm_irq      lpc546xx_flexcomm.o
    0x00007174   0x00007174   0x00000058   Code   RO         1721    i.get_accdata_hardware  seekfree_mpu6050.o
    0x000071cc   0x000071cc   0x0000005c   Code   RO          779    i.get_clk           lpc546xx_pll.o
    0x00007228   0x00007228   0x0000006c   Code   RO         1792    i.get_config        seekfree_mt9v032.o
    0x00007294   0x00007294   0x00000058   Code   RO         1723    i.get_gyro_hardware  seekfree_mpu6050.o
    0x000072ec   0x000072ec   0x00000018   Code   RO          491    i.gpio_get          lpc546xx_gpio.o
    0x00007304   0x00007304   0x000000c8   Code   RO          492    i.gpio_init         lpc546xx_gpio.o
    0x000073cc   0x000073cc   0x00000030   Code   RO          494    i.gpio_set          lpc546xx_gpio.o
    0x000073fc   0x000073fc   0x00000074   Code   RO          540    i.iic_init          lpc546xx_iic.o
    0x00007470   0x00007470   0x00000392   Code   RO          541    i.iic_mux           lpc546xx_iic.o
    0x00007802   0x00007802   0x00000002   PAD
    0x00007804   0x00007804   0x0000048c   Code   RO          542    i.iic_read_reg      lpc546xx_iic.o
    0x00007c90   0x00007c90   0x0000055c   Code   RO          543    i.iic_read_reg_bytes  lpc546xx_iic.o
    0x000081ec   0x000081ec   0x000003b8   Code   RO          544    i.iic_write_reg     lpc546xx_iic.o
    0x000085a4   0x000085a4   0x0000002c   Code   RO          590    i.iocon_init        lpc546xx_iocon.o
    0x000085d0   0x000085d0   0x00000078   Code   RO         1257    i.lcd_displayimage032_2  seekfree_18tft.o
    0x00008648   0x00008648   0x0000001c   Code   RO         1260    i.lcd_drawpoint     seekfree_18tft.o
    0x00008664   0x00008664   0x000002ac   Code   RO         1261    i.lcd_init          seekfree_18tft.o
    0x00008910   0x00008910   0x0000005a   Code   RO         1262    i.lcd_setregion     seekfree_18tft.o
    0x0000896a   0x0000896a   0x00000002   PAD
    0x0000896c   0x0000896c   0x00000068   Code   RO         1263    i.lcd_showchar      seekfree_18tft.o
    0x000089d4   0x000089d4   0x000000d8   Code   RO         1264    i.lcd_showfloat     seekfree_18tft.o
    0x00008aac   0x00008aac   0x0000006c   Code   RO         1266    i.lcd_showint32     seekfree_18tft.o
    0x00008b18   0x00008b18   0x00000032   Code   RO         1268    i.lcd_showstr       seekfree_18tft.o
    0x00008b4a   0x00008b4a   0x00000094   Code   RO         1269    i.lcd_showuint16    seekfree_18tft.o
    0x00008bde   0x00008bde   0x00000064   Code   RO         1270    i.lcd_showuint8     seekfree_18tft.o
    0x00008c42   0x00008c42   0x00000020   Code   RO         1271    i.lcd_writeData     seekfree_18tft.o
    0x00008c62   0x00008c62   0x00000020   Code   RO         1272    i.lcd_writeIndex    seekfree_18tft.o
    0x00008c82   0x00008c82   0x0000002e   Code   RO         1273    i.lcd_writedata_16bit  seekfree_18tft.o
    0x00008cb0   0x00008cb0   0x000001b4   Code   RO         1218    i.main              main.o
    0x00008e64   0x00008e64   0x00000070   Code   RO         1725    i.mpu6050_init_hardware  seekfree_mpu6050.o
    0x00008ed4   0x00008ed4   0x0000002c   Code   RO         1727    i.mpu6050_self2_check  seekfree_mpu6050.o
    0x00008f00   0x00008f00   0x00000050   Code   RO         1794    i.mt9v032_cof_uart_interrupt  seekfree_mt9v032.o
    0x00008f50   0x00008f50   0x00000020   Code   RO         1795    i.mt9v032_dma       seekfree_mt9v032.o
    0x00008f70   0x00008f70   0x00000034   Code   RO         1796    i.mt9v032_vsync     seekfree_mt9v032.o
    0x00008fa4   0x00008fa4   0x0000000e   Code   RO         1417    i.myabs             seekfree_fun.o
    0x00008fb2   0x00008fb2   0x00000002   PAD
    0x00008fb4   0x00008fb4   0x000000cc   Code   RO         1886    i.nrf_init          seekfree_nrf24l01.o
    0x00009080   0x00009080   0x00000036   Code   RO         1887    i.nrf_rece_packet   seekfree_nrf24l01.o
    0x000090b6   0x000090b6   0x0000001c   Code   RO         1888    i.nrf_self_check    seekfree_nrf24l01.o
    0x000090d2   0x000090d2   0x00000002   PAD
    0x000090d4   0x000090d4   0x00000088   Code   RO         1889    i.nrf_send_packet   seekfree_nrf24l01.o
    0x0000915c   0x0000915c   0x0000003c   Code   RO         1890    i.nrf_spi_r_reg_burst  seekfree_nrf24l01.o
    0x00009198   0x00009198   0x00000026   Code   RO         1891    i.nrf_spi_r_reg_byte  seekfree_nrf24l01.o
    0x000091be   0x000091be   0x00000020   Code   RO         1892    i.nrf_spi_w_cmd_byte  seekfree_nrf24l01.o
    0x000091de   0x000091de   0x0000003a   Code   RO         1893    i.nrf_spi_w_reg_burst  seekfree_nrf24l01.o
    0x00009218   0x00009218   0x00000028   Code   RO         1894    i.nrf_spi_w_reg_byte  seekfree_nrf24l01.o
    0x00009240   0x00009240   0x0000003a   Code   RO         1895    i.nrf_spi_wr_byte   seekfree_nrf24l01.o
    0x0000927a   0x0000927a   0x00000002   PAD
    0x0000927c   0x0000927c   0x000000fc   Code   RO          672    i.pint_init         lpc546xx_pint.o
    0x00009378   0x00009378   0x0000003c   Code   RO          720    i.pit_init          lpc546xx_pit.o
    0x000093b4   0x000093b4   0x0000005a   Code   RO          780    i.pllDecodeM        lpc546xx_pll.o
    0x0000940e   0x0000940e   0x0000005c   Code   RO          781    i.pllDecodeN        lpc546xx_pll.o
    0x0000946a   0x0000946a   0x0000004e   Code   RO          782    i.pllDecodeP        lpc546xx_pll.o
    0x000094b8   0x000094b8   0x00000088   Code   RO          783    i.pll_init          lpc546xx_pll.o
    0x00009540   0x00009540   0x00000016   Code   RO         2197    i.range_protect     control.o
    0x00009556   0x00009556   0x00000002   PAD
    0x00009558   0x00009558   0x000000a4   Code   RO          859    i.sct_camera_dma    lpc546xx_sct.o
    0x000095fc   0x000095fc   0x000001d4   Code   RO          860    i.sct_input_mux     lpc546xx_sct.o
    0x000097d0   0x000097d0   0x0000001c   Code   RO          865    i.sct_start         lpc546xx_sct.o
    0x000097ec   0x000097ec   0x00000068   Code   RO         2607    i.siyuansu_init     siyuansu.o
    0x00009854   0x00009854   0x000000c8   Code   RO          924    i.spi_init          lpc546xx_spi.o
    0x0000991c   0x0000991c   0x00000134   Code   RO          925    i.spi_mosi          lpc546xx_spi.o
    0x00009a50   0x00009a50   0x000004fe   Code   RO          927    i.spi_mux           lpc546xx_spi.o
    0x00009f4e   0x00009f4e   0x0000006e   Code   RO         2756    i.sqrt              m_wm.l(sqrt.o)
    0x00009fbc   0x00009fbc   0x0000002c   Code   RO          968    i.systick_delay     lpc546xx_systick.o
    0x00009fe8   0x00009fe8   0x00000024   Code   RO          969    i.systick_delay_ms  lpc546xx_systick.o
    0x0000a00c   0x0000a00c   0x00000110   Code   RO         1007    i.uart_init         lpc546xx_uart.o
    0x0000a11c   0x0000a11c   0x00000228   Code   RO         1008    i.uart_mux          lpc546xx_uart.o
    0x0000a344   0x0000a344   0x0000001e   Code   RO         1009    i.uart_putbuff      lpc546xx_uart.o
    0x0000a362   0x0000a362   0x00000002   PAD
    0x0000a364   0x0000a364   0x00000024   Code   RO         1010    i.uart_putchar      lpc546xx_uart.o
    0x0000a388   0x0000a388   0x0000002c   Code   RO         1012    i.uart_query        lpc546xx_uart.o
    0x0000a3b4   0x0000a3b4   0x00000078   Code   RO         1013    i.uart_rx_irq       lpc546xx_uart.o
    0x0000a42c   0x0000a42c   0x0000007c   Code   RO          784    i.write_syspllctrl  lpc546xx_pll.o
    0x0000a4a8   0x0000a4a8   0x0000002c   Code   RO         2897    locale$$code        c_w.l(lc_numeric_c.o)
    0x0000a4d4   0x0000a4d4   0x00000018   Code   RO         2782    x$fpl$basic         fz_wm.l(basic.o)
    0x0000a4ec   0x0000a4ec   0x00000062   Code   RO         2688    x$fpl$d2f           fz_wm.l(d2f.o)
    0x0000a54e   0x0000a54e   0x00000002   PAD
    0x0000a550   0x0000a550   0x00000150   Code   RO         2690    x$fpl$dadd          fz_wm.l(daddsub_clz.o)
    0x0000a6a0   0x0000a6a0   0x00000018   Code   RO         2784    x$fpl$dcmpinf       fz_wm.l(dcmpi.o)
    0x0000a6b8   0x0000a6b8   0x000002b0   Code   RO         2697    x$fpl$ddiv          fz_wm.l(ddiv.o)
    0x0000a968   0x0000a968   0x0000005e   Code   RO         2702    x$fpl$dfix          fz_wm.l(dfix.o)
    0x0000a9c6   0x0000a9c6   0x00000002   PAD
    0x0000a9c8   0x0000a9c8   0x0000005a   Code   RO         2706    x$fpl$dfixu         fz_wm.l(dfixu.o)
    0x0000aa22   0x0000aa22   0x0000002e   Code   RO         2711    x$fpl$dflt          fz_wm.l(dflt_clz.o)
    0x0000aa50   0x0000aa50   0x00000026   Code   RO         2710    x$fpl$dfltu         fz_wm.l(dflt_clz.o)
    0x0000aa76   0x0000aa76   0x00000002   PAD
    0x0000aa78   0x0000aa78   0x00000078   Code   RO         2716    x$fpl$dleqf         fz_wm.l(dleqf.o)
    0x0000aaf0   0x0000aaf0   0x00000154   Code   RO         2718    x$fpl$dmul          fz_wm.l(dmul.o)
    0x0000ac44   0x0000ac44   0x0000009c   Code   RO         2786    x$fpl$dnaninf       fz_wm.l(dnaninf.o)
    0x0000ace0   0x0000ace0   0x0000000c   Code   RO         2788    x$fpl$dretinf       fz_wm.l(dretinf.o)
    0x0000acec   0x0000acec   0x0000006c   Code   RO         2720    x$fpl$drleqf        fz_wm.l(drleqf.o)
    0x0000ad58   0x0000ad58   0x00000016   Code   RO         2691    x$fpl$drsb          fz_wm.l(daddsub_clz.o)
    0x0000ad6e   0x0000ad6e   0x00000002   PAD
    0x0000ad70   0x0000ad70   0x00000198   Code   RO         2790    x$fpl$dsqrt         fz_wm.l(dsqrt_umaal.o)
    0x0000af08   0x0000af08   0x000001d4   Code   RO         2692    x$fpl$dsub          fz_wm.l(daddsub_clz.o)
    0x0000b0dc   0x0000b0dc   0x00000056   Code   RO         2722    x$fpl$f2d           fz_wm.l(f2d.o)
    0x0000b132   0x0000b132   0x00000060   Code   RO         2724    x$fpl$ffltll        fz_wm.l(ffltll_clz.o)
    0x0000b192   0x0000b192   0x0000008c   Code   RO         2792    x$fpl$fnaninf       fz_wm.l(fnaninf.o)
    0x0000b21e   0x0000b21e   0x0000000a   Code   RO         2971    x$fpl$fpinit        fz_wm.l(fpinit.o)
    0x0000b228   0x0000b228   0x0000000a   Code   RO         2794    x$fpl$fretinf       fz_wm.l(fretinf.o)
    0x0000b232   0x0000b232   0x00000004   Code   RO         2726    x$fpl$printf1       fz_wm.l(printf1.o)
    0x0000b236   0x0000b236   0x00000000   Code   RO         2796    x$fpl$usenofp       fz_wm.l(usenofp.o)
    0x0000b236   0x0000b236   0x00000002   PAD
    0x0000b238   0x0000b238   0x00000028   Data   RO          251    .constdata          lpc546xx_ctimer.o
    0x0000b260   0x0000b260   0x00001b88   Data   RO         1394    .constdata          seekfree_font.o
    0x0000cde8   0x0000cde8   0x00000050   Data   RO         2731    .constdata          m_wm.l(asin.o)
    0x0000ce38   0x0000ce38   0x00000098   Data   RO         2800    .constdata          m_wm.l(atan.o)
    0x0000ced0   0x0000ced0   0x00000008   Data   RO         2835    .constdata          m_wm.l(qnan.o)
    0x0000ced8   0x0000ced8   0x00000094   Data   RO         2872    .constdata          c_w.l(bigflt0.o)
    0x0000cf6c   0x0000cf6c   0x00000020   Data   RO         3045    Region$$Table       anon$$obj.o
    0x0000cf8c   0x0000cf8c   0x0000001c   Data   RO         2896    locale$$data        c_w.l(lc_numeric_c.o)


    Execution Region RW_IRAM2 (Exec base: 0x20000000, Load base: 0x0000cfa8, Size: 0x00008658, Max: 0x00028000, ABSOLUTE, COMPRESSED[0x00000134])

    Exec Addr    Load Addr    Size         Type   Attr      Idx    E Section Name        Object

    0x20000000   COMPRESSED   0x00000014   Data   RW          252    .data               lpc546xx_ctimer.o
    0x20000014   COMPRESSED   0x00000028   Data   RW          395    .data               lpc546xx_flexcomm.o
    0x2000003c   COMPRESSED   0x00000028   Data   RW          545    .data               lpc546xx_iic.o
    0x20000064   COMPRESSED   0x00000002   Data   RW          785    .data               lpc546xx_pll.o
    0x20000066   COMPRESSED   0x00000002   PAD
    0x20000068   COMPRESSED   0x00000028   Data   RW          928    .data               lpc546xx_spi.o
    0x20000090   COMPRESSED   0x00000028   Data   RW         1015    .data               lpc546xx_uart.o
    0x200000b8   COMPRESSED   0x00000008   Data   RW         1087    .data               isr.o
    0x200000c0   COMPRESSED   0x00000019   Data   RW         1220    .data               main.o
    0x200000d9   COMPRESSED   0x00000001   PAD
    0x200000da   COMPRESSED   0x0000000c   Data   RW         1728    .data               seekfree_mpu6050.o
    0x200000e6   COMPRESSED   0x0000004b   Data   RW         1801    .data               seekfree_mt9v032.o
    0x20000131   COMPRESSED   0x00000005   Data   RW         1897    .data               seekfree_nrf24l01.o
    0x20000136   COMPRESSED   0x00000002   PAD
    0x20000138   COMPRESSED   0x0000003c   Data   RW         2198    .data               control.o
    0x20000174   COMPRESSED   0x000000b1   Data   RW         2282    .data               handle.o
    0x20000225   COMPRESSED   0x00000003   PAD
    0x20000228   COMPRESSED   0x0000009c   Data   RW         2495    .data               pid.o
    0x200002c4   COMPRESSED   0x0000001b   Data   RW         2546    .data               system.o
    0x200002df   COMPRESSED   0x00000001   PAD
    0x200002e0   COMPRESSED   0x00000058   Data   RW         2609    .data               siyuansu.o
    0x20000338   COMPRESSED   0x000000c8   PAD
    0x20000400        -       0x000001e0   Zero   RW          319    .bss                lpc546xx_dma.o
    0x200005e0        -       0x00002580   Zero   RW         1219    .bss                main.o
    0x20002b60        -       0x00002580   Zero   RW         1800    .bss                seekfree_mt9v032.o
    0x200050e0        -       0x00000040   Zero   RW         1896    .bss                seekfree_nrf24l01.o
    0x20005120        -       0x00000326   Zero   RW         2281    .bss                handle.o
    0x20005446   COMPRESSED   0x00000002   PAD
    0x20005448        -       0x00000020   Zero   RW         2494    .bss                pid.o
    0x20005468        -       0x00000100   Zero   RW         2574    .bss                dajin.o
    0x20005568        -       0x00000090   Zero   RW         2608    .bss                siyuansu.o
    0x200055f8        -       0x00000060   Zero   RW         2902    .bss                c_w.l(libspace.o)
    0x20005658        -       0x00001000   Zero   RW            2    HEAP                startup_lpc54606.o
    0x20006658        -       0x00002000   Zero   RW            1    STACK               startup_lpc54606.o


==============================================================================

Image component sizes


      Code (inc. data)   RO Data    RW Data    ZI Data      Debug   Object Name

      1230        156          0         60          0       4179   control.o
       492         20          0          0        256       2653   dajin.o
     11296        930          0        177        806      25887   handle.o
       680         90          0          8          0       4087   isr.o
       446         40          0          0          0       2491   lpc546xx_adc.o
      1796         82         40         20          0       8382   lpc546xx_ctimer.o
       300         32          0          0        480       5851   lpc546xx_dma.o
       322         34          0         40          0      30551   lpc546xx_flexcomm.o
       272         30          0          0          0       1982   lpc546xx_gpio.o
      4518         40          0         40          0       8172   lpc546xx_iic.o
        44         10          0          0          0        633   lpc546xx_iocon.o
         0          0          0          0          0      26439   lpc546xx_mrt.o
       252         10          0          0          0        768   lpc546xx_pint.o
        60         10          0          0          0        691   lpc546xx_pit.o
      1022         60          0          2          0       8075   lpc546xx_pll.o
       660         38          0          0          0       2249   lpc546xx_sct.o
      1786         22          0         40          0       6175   lpc546xx_spi.o
        80          4          0          0          0       1155   lpc546xx_systick.o
      1054         28          0         40          0       5360   lpc546xx_uart.o
       436        136          0         25       9600       1941   main.o
       522         36          0        156         32       5004   pid.o
      1806         26          0          0          0      10660   seekfree_18tft.o
         0          0       7048          0          0        933   seekfree_font.o
        14          0          0          0          0        576   seekfree_fun.o
       332         28          0         12          0       2734   seekfree_mpu6050.o
       662         86          0         75       9600      33812   seekfree_mt9v032.o
       708         10          0          5         64       7679   seekfree_nrf24l01.o
      2432        204          0         88        144       5682   siyuansu.o
       532        258        292          0      12288       3712   startup_lpc54606.o
       252         12          0         27          0       1836   system.o
       250         24          0          0          0     532647   system_lpc54606.o

    ----------------------------------------------------------------------
     34290       2456       7412        824      33472     752996   Object Totals
         0          0         32          0          0          0   (incl. Generated)
        34          0          0          9        202          0   (incl. Padding)

    ----------------------------------------------------------------------

      Code (inc. data)   RO Data    RW Data    ZI Data      Debug   Library Member Name

        44          6          0          0          0         84   __2sprintf.o
        90          0          0          0          0          0   __dczerorl2.o
         8          0          0          0          0         68   __main.o
       104          0          0          0          0         84   __printf.o
         0          0          0          0          0          0   __rtentry.o
        12          0          0          0          0          0   __rtentry2.o
         6          0          0          0          0          0   __rtentry4.o
        52          8          0          0          0          0   __scatter.o
        28          0          0          0          0          0   __scatter_zi.o
        48          6          0          0          0         96   _printf_char_common.o
         6          0          0          0          0          0   _printf_d.o
       120         16          0          0          0         92   _printf_dec.o
         6          0          0          0          0          0   _printf_f.o
      1050          0          0          0          0        216   _printf_fp_dec.o
       128         16          0          0          0         84   _printf_fp_infnan.o
       178          0          0          0          0         88   _printf_intcommon.o
         0          0          0          0          0          0   _printf_percent.o
         4          0          0          0          0          0   _printf_percent_end.o
        22          0          0          0          0        100   _rserrno.o
        10          0          0          0          0         68   _sputc.o
       220          4        148          0          0         96   bigflt0.o
      1910        128          0          0          0        672   btod.o
        12          0          0          0          0         72   exit.o
         6          0          0          0          0        152   heapauxi.o
         0          0          0          0          0          0   indicate_semi.o
        44         10         28          0          0         76   lc_numeric_c.o
         2          0          0          0          0          0   libinit.o
        22          0          0          0          0          0   libinit2.o
         2          0          0          0          0          0   libshutdown.o
         2          0          0          0          0          0   libshutdown2.o
         8          4          0          0         96         68   libspace.o
        72          0          0          0          0         76   llsdiv.o
       138          0          0          0          0         80   lludiv10.o
       238          0          0          0          0        100   lludivv7m.o
         8          4          0          0          0         68   rt_errno_addr_intlibspace.o
         8          4          0          0          0         68   rt_locale_intlibspace.o
         2          0          0          0          0          0   rtexit.o
        10          0          0          0          0          0   rtexit2.o
       128          0          0          0          0         68   strcmpv7m.o
        12          4          0          0          0         68   sys_exit.o
        74          0          0          0          0         80   sys_stackheap_outer.o
         2          0          0          0          0         68   use_no_semi.o
        24          0          0          0          0        164   basic.o
        98          4          0          0          0        140   d2f.o
       826         16          0          0          0        492   daddsub_clz.o
        24          0          0          0          0        116   dcmpi.o
       688        140          0          0          0        256   ddiv.o
        94          4          0          0          0        140   dfix.o
        90          4          0          0          0        140   dfixu.o
        84          0          0          0          0        232   dflt_clz.o
       120          4          0          0          0        140   dleqf.o
       340         12          0          0          0        152   dmul.o
       156          4          0          0          0        140   dnaninf.o
        12          0          0          0          0        116   dretinf.o
       108          0          0          0          0        128   drleqf.o
       408         56          0          0          0        168   dsqrt_umaal.o
        86          4          0          0          0        132   f2d.o
        96          0          0          0          0        132   ffltll_clz.o
       140          4          0          0          0        132   fnaninf.o
        10          0          0          0          0        116   fpinit.o
        10          0          0          0          0        116   fretinf.o
         4          0          0          0          0        116   printf1.o
         0          0          0          0          0          0   usenofp.o
       864         94         80          0          0        280   asin.o
       744        106        152          0          0        352   atan.o
       496         64          0          0          0        192   atan2.o
       104         16          0          0          0        496   dunder.o
        24          0          0          0          0        124   fabs.o
        48          0          0          0          0        124   fpclassify.o
       248          0          0          0          0        152   poly.o
         0          0          8          0          0          0   qnan.o
       232          0          0          0          0        296   sqrt.o

    ----------------------------------------------------------------------
     11042        742        416          0         96       8076   Library Totals
        28          0          0          0          0          0   (incl. Padding)

    ----------------------------------------------------------------------

      Code (inc. data)   RO Data    RW Data    ZI Data      Debug   Library Name

      4836        210        176          0         96       2792   c_w.l
      3418        252          0          0          0       3268   fz_wm.l
      2760        280        240          0          0       2016   m_wm.l

    ----------------------------------------------------------------------
     11042        742        416          0         96       8076   Library Totals

    ----------------------------------------------------------------------

==============================================================================


      Code (inc. data)   RO Data    RW Data    ZI Data      Debug   

     45332       3198       7828        824      33568     742264   Grand Totals
     45332       3198       7828        308      33568     742264   ELF Image Totals (compressed)
     45332       3198       7828        308          0          0   ROM Totals

==============================================================================

    Total RO  Size (Code + RO Data)                53160 (  51.91kB)
    Total RW  Size (RW Data + ZI Data)             34392 (  33.59kB)
    Total ROM Size (Code + RO Data + RW Data)      53468 (  52.21kB)

==============================================================================

